#
# There is insufficient memory for the Java Runtime Environment to continue.
# Native memory allocation (malloc) failed to allocate 1320336 bytes. Error detail: Chunk::new
# Possible reasons:
#   The system is out of physical RAM or swap space
#   This process is running with CompressedOops enabled, and the Java Heap may be blocking the growth of the native heap
# Possible solutions:
#   Reduce memory load on the system
#   Increase physical memory or swap space
#   Check if swap backing store is full
#   Decrease Java heap size (-Xmx/-Xms)
#   Decrease number of Java threads
#   Decrease Java thread stack sizes (-Xss)
#   Set larger code cache with -XX:ReservedCodeCacheSize=
#   JVM is running with Unscaled Compressed Oops mode in which the Java heap is
#     placed in the first 4GB address space. The Java Heap base address is the
#     maximum limit for the native heap growth. Please use -XX:HeapBaseMinAddress
#     to set the Java Heap base and to place the Java Heap above 4GB virtual address.
# This output file may be truncated or incomplete.
#
#  Out of Memory Error (arena.cpp:168), pid=18132, tid=2756
#
# JRE version: OpenJDK Runtime Environment Temurin-21.0.11+10 (21.0.11+10) (build 21.0.11+10-LTS)
# Java VM: OpenJDK 64-Bit Server VM Temurin-21.0.11+10 (21.0.11+10-LTS, mixed mode, sharing, tiered, compressed oops, compressed class ptrs, g1 gc, windows-amd64)
# No core dump will be written. Minidumps are not enabled by default on client versions of Windows
#

---------------  S U M M A R Y ------------

Command Line: --add-opens=java.base/java.lang=ALL-UNNAMED --add-opens=java.base/java.lang.invoke=ALL-UNNAMED --add-opens=java.base/java.util=ALL-UNNAMED --add-opens=java.prefs/java.util.prefs=ALL-UNNAMED --add-exports=jdk.compiler/com.sun.tools.javac.api=ALL-UNNAMED --add-exports=jdk.compiler/com.sun.tools.javac.util=ALL-UNNAMED --add-opens=java.base/java.util=ALL-UNNAMED --add-opens=java.prefs/java.util.prefs=ALL-UNNAMED --add-opens=java.base/java.nio.charset=ALL-UNNAMED --add-opens=java.base/java.net=ALL-UNNAMED --add-opens=java.base/java.util.concurrent=ALL-UNNAMED --add-opens=java.base/java.util.concurrent.atomic=ALL-UNNAMED --add-opens=java.xml/javax.xml.namespace=ALL-UNNAMED --add-opens=java.base/java.time=ALL-UNNAMED -Xmx1536m -Dfile.encoding=UTF-8 -Duser.country=US -Duser.language=en -Duser.variant -javaagent:C:\Users\User\.gradle\wrapper\dists\gradle-9.3.1-bin\23ovyewtku6u96viwx3xl3oks\gradle-9.3.1\lib\agents\gradle-instrumentation-agent-9.3.1.jar org.gradle.launcher.daemon.bootstrap.GradleDaemon 9.3.1

Host: AMD Ryzen 3 7320U with Radeon Graphics         , 8 cores, 7G,  Windows 11 , 64 bit Build 26100 (10.0.26100.8875)
Time: Tue Jul 21 20:35:58 2026 SE Asia Standard Time elapsed time: 20.043330 seconds (0d 0h 0m 20s)

---------------  T H R E A D  ---------------

Current thread (0x000001acf5c973f0):  JavaThread "C2 CompilerThread0" daemon [_thread_in_native, id=2756, stack(0x0000001ba4900000,0x0000001ba4a00000) (1024K)]


Current CompileTask:
C2:20043 7927       4       org.gradle.cache.internal.btree.CachingBlockStore::read (56 bytes)

Stack: [0x0000001ba4900000,0x0000001ba4a00000]
Native frames: (J=compiled Java code, j=interpreted, Vv=VM code, C=native code)
V  [jvm.dll+0x6d7e19]
V  [jvm.dll+0x8b5096]
V  [jvm.dll+0x8b764e]
V  [jvm.dll+0x8b7d33]
V  [jvm.dll+0x284596]
V  [jvm.dll+0xc685d]
V  [jvm.dll+0xc6da1]
V  [jvm.dll+0x3bed31]
V  [jvm.dll+0x38b2b2]
V  [jvm.dll+0x38a6fa]
V  [jvm.dll+0x24c700]
V  [jvm.dll+0x24bce0]
V  [jvm.dll+0x1cb4ae]
V  [jvm.dll+0x25baad]
V  [jvm.dll+0x25a03a]
V  [jvm.dll+0x3f868e]
V  [jvm.dll+0x85fb0d]
V  [jvm.dll+0x6d664d]
C  [ucrtbase.dll+0x2cd30]
C  [KERNEL32.DLL+0x2e957]
C  [ntdll.dll+0xaad6c]


---------------  P R O C E S S  ---------------

Threads class SMR info:
_java_thread_list=0x000001acfe71bb50, length=45, elements={
0x000001ace8d0bca0, 0x000001acf5c774d0, 0x000001acf5c7a0f0, 0x000001acf5c7e8b0,
0x000001acf5c7f440, 0x000001acf5c83190, 0x000001acf5c8c920, 0x000001acf5c973f0,
0x000001acf5c9e220, 0x000001acfa216590, 0x000001acfa216c20, 0x000001acfa2172b0,
0x000001acfa215870, 0x000001acfa2144c0, 0x000001acfa2151e0, 0x000001acfa215f00,
0x000001acfa20d1d0, 0x000001acfa20def0, 0x000001acfa20c4b0, 0x000001acfa20f930,
0x000001acfa20ffc0, 0x000001acfa20e580, 0x000001acfa20ec10, 0x000001acfa20f2a0,
0x000001acfa210ce0, 0x000001acfa20d860, 0x000001acfa213440, 0x000001acfa212720,
0x000001acfc65b880, 0x000001acfc65c5a0, 0x000001acfc65cc30, 0x000001acfc65d950,
0x000001acfc98fe30, 0x000001acfc98dd60, 0x000001acfc991f00, 0x000001acfc990b50,
0x000001acfc9932b0, 0x000001acfc993940, 0x000001acfc993fd0, 0x000001acfc994660,
0x000001acfc994cf0, 0x000001acfc995380, 0x000001acfc3c5080, 0x000001acfc3c7e70,
0x000001acfc3c8b90
}

Java Threads: ( => current thread )
  0x000001ace8d0bca0 JavaThread "main"                              [_thread_blocked, id=21436, stack(0x0000001ba3b00000,0x0000001ba3c00000) (1024K)]
  0x000001acf5c774d0 JavaThread "Reference Handler"          daemon [_thread_blocked, id=12292, stack(0x0000001ba4300000,0x0000001ba4400000) (1024K)]
  0x000001acf5c7a0f0 JavaThread "Finalizer"                  daemon [_thread_blocked, id=19024, stack(0x0000001ba4400000,0x0000001ba4500000) (1024K)]
  0x000001acf5c7e8b0 JavaThread "Signal Dispatcher"          daemon [_thread_blocked, id=17272, stack(0x0000001ba4500000,0x0000001ba4600000) (1024K)]
  0x000001acf5c7f440 JavaThread "Attach Listener"            daemon [_thread_blocked, id=6308, stack(0x0000001ba4600000,0x0000001ba4700000) (1024K)]
  0x000001acf5c83190 JavaThread "Service Thread"             daemon [_thread_blocked, id=7144, stack(0x0000001ba4700000,0x0000001ba4800000) (1024K)]
  0x000001acf5c8c920 JavaThread "Monitor Deflation Thread"   daemon [_thread_blocked, id=9972, stack(0x0000001ba4800000,0x0000001ba4900000) (1024K)]
=>0x000001acf5c973f0 JavaThread "C2 CompilerThread0"         daemon [_thread_in_native, id=2756, stack(0x0000001ba4900000,0x0000001ba4a00000) (1024K)]
  0x000001acf5c9e220 JavaThread "C1 CompilerThread0"         daemon [_thread_blocked, id=2784, stack(0x0000001ba4a00000,0x0000001ba4b00000) (1024K)]
  0x000001acfa216590 JavaThread "Common-Cleaner"             daemon [_thread_blocked, id=19820, stack(0x0000001ba4b00000,0x0000001ba4c00000) (1024K)]
  0x000001acfa216c20 JavaThread "Notification Thread"        daemon [_thread_blocked, id=1980, stack(0x0000001ba4c00000,0x0000001ba4d00000) (1024K)]
  0x000001acfa2172b0 JavaThread "Daemon health stats"               [_thread_blocked, id=9624, stack(0x0000001ba5100000,0x0000001ba5200000) (1024K)]
  0x000001acfa215870 JavaThread "Incoming local TCP Connector on port 48971"        [_thread_in_native, id=19540, stack(0x0000001ba5500000,0x0000001ba5600000) (1024K)]
  0x000001acfa2144c0 JavaThread "Daemon periodic checks"            [_thread_blocked, id=908, stack(0x0000001ba5600000,0x0000001ba5700000) (1024K)]
  0x000001acfa2151e0 JavaThread "Daemon"                            [_thread_blocked, id=19888, stack(0x0000001ba5700000,0x0000001ba5800000) (1024K)]
  0x000001acfa215f00 JavaThread "Handler for socket connection from /127.0.0.1:48971 to /127.0.0.1:48972"        [_thread_in_native, id=16036, stack(0x0000001ba5800000,0x0000001ba5900000) (1024K)]
  0x000001acfa20d1d0 JavaThread "Cancel handler"                    [_thread_blocked, id=13220, stack(0x0000001ba5900000,0x0000001ba5a00000) (1024K)]
  0x000001acfa20def0 JavaThread "Daemon worker"                     [_thread_blocked, id=17048, stack(0x0000001ba5a00000,0x0000001ba5b00000) (1024K)]
  0x000001acfa20c4b0 JavaThread "Asynchronous log dispatcher for DefaultDaemonConnection: socket connection from /127.0.0.1:48971 to /127.0.0.1:48972"        [_thread_blocked, id=11416, stack(0x0000001ba5b00000,0x0000001ba5c00000) (1024K)]
  0x000001acfa20f930 JavaThread "Stdin handler"                     [_thread_blocked, id=19616, stack(0x0000001ba5c00000,0x0000001ba5d00000) (1024K)]
  0x000001acfa20ffc0 JavaThread "Daemon client event forwarder"        [_thread_blocked, id=17524, stack(0x0000001ba5d00000,0x0000001ba5e00000) (1024K)]
  0x000001acfa20e580 JavaThread "Cache worker for journal cache (C:\Users\User\.gradle\caches\journal-1)"        [_thread_blocked, id=13436, stack(0x0000001ba5e00000,0x0000001ba5f00000) (1024K)]
  0x000001acfa20ec10 JavaThread "File lock request listener"        [_thread_in_native, id=1192, stack(0x0000001ba5f00000,0x0000001ba6000000) (1024K)]
  0x000001acfa20f2a0 JavaThread "Cache worker for file hash cache (C:\Users\User\.gradle\caches\9.3.1\fileHashes)"        [_thread_blocked, id=3836, stack(0x0000001ba6000000,0x0000001ba6100000) (1024K)]
  0x000001acfa210ce0 JavaThread "Cache worker for file hash cache (C:\Users\User\AndroidStudioProjects\absensi-qrcode\.gradle\9.3.1\fileHashes)"        [_thread_blocked, id=19292, stack(0x0000001ba6200000,0x0000001ba6300000) (1024K)]
  0x000001acfa20d860 JavaThread "Cache worker for checksums cache (C:\Users\User\AndroidStudioProjects\absensi-qrcode\.gradle\9.3.1\checksums)"        [_thread_blocked, id=9548, stack(0x0000001ba6300000,0x0000001ba6400000) (1024K)]
  0x000001acfa213440 JavaThread "Cache worker for Build Output Cleanup Cache (C:\Users\User\AndroidStudioProjects\absensi-qrcode\.gradle\buildOutputCleanup)"        [_thread_blocked, id=2008, stack(0x0000001ba6400000,0x0000001ba6500000) (1024K)]
  0x000001acfa212720 JavaThread "Cache worker for file content cache (C:\Users\User\.gradle\caches\9.3.1\fileContent)"        [_thread_blocked, id=16356, stack(0x0000001ba6500000,0x0000001ba6600000) (1024K)]
  0x000001acfc65b880 JavaThread "File watcher server"        daemon [_thread_in_native, id=3316, stack(0x0000001ba6600000,0x0000001ba6700000) (1024K)]
  0x000001acfc65c5a0 JavaThread "File watcher consumer"      daemon [_thread_blocked, id=6948, stack(0x0000001ba6700000,0x0000001ba6800000) (1024K)]
  0x000001acfc65cc30 JavaThread "Cache worker for cache directory md-supplier (C:\Users\User\.gradle\caches\9.3.1\md-supplier)"        [_thread_blocked, id=19416, stack(0x0000001ba6800000,0x0000001ba6900000) (1024K)]
  0x000001acfc65d950 JavaThread "Cache worker for cache directory md-rule (C:\Users\User\.gradle\caches\9.3.1\md-rule)"        [_thread_blocked, id=12664, stack(0x0000001ba6900000,0x0000001ba6a00000) (1024K)]
  0x000001acfc98fe30 JavaThread "Unconstrained build operations"        [_thread_blocked, id=15024, stack(0x0000001ba6a00000,0x0000001ba6b00000) (1024K)]
  0x000001acfc98dd60 JavaThread "Unconstrained build operations Thread 2"        [_thread_blocked, id=18940, stack(0x0000001ba6b00000,0x0000001ba6c00000) (1024K)]
  0x000001acfc991f00 JavaThread "Unconstrained build operations Thread 3"        [_thread_blocked, id=21184, stack(0x0000001ba6c00000,0x0000001ba6d00000) (1024K)]
  0x000001acfc990b50 JavaThread "Configuration cache report writer"        [_thread_blocked, id=19780, stack(0x0000001ba6d00000,0x0000001ba6e00000) (1024K)]
  0x000001acfc9932b0 JavaThread "Unconstrained build operations Thread 4"        [_thread_blocked, id=5452, stack(0x0000001ba6e00000,0x0000001ba6f00000) (1024K)]
  0x000001acfc993940 JavaThread "Unconstrained build operations Thread 5"        [_thread_blocked, id=152, stack(0x0000001ba6f00000,0x0000001ba7000000) (1024K)]
  0x000001acfc993fd0 JavaThread "Unconstrained build operations Thread 6"        [_thread_blocked, id=17692, stack(0x0000001ba7000000,0x0000001ba7100000) (1024K)]
  0x000001acfc994660 JavaThread "Unconstrained build operations Thread 7"        [_thread_blocked, id=796, stack(0x0000001ba7100000,0x0000001ba7200000) (1024K)]
  0x000001acfc994cf0 JavaThread "Unconstrained build operations Thread 8"        [_thread_blocked, id=17300, stack(0x0000001ba7200000,0x0000001ba7300000) (1024K)]
  0x000001acfc995380 JavaThread "Unconstrained build operations Thread 9"        [_thread_blocked, id=17344, stack(0x0000001ba7300000,0x0000001ba7400000) (1024K)]
  0x000001acfc3c5080 JavaThread "Unconstrained build operations Thread 10"        [_thread_in_native, id=2656, stack(0x0000001ba7400000,0x0000001ba7500000) (1024K)]
  0x000001acfc3c7e70 JavaThread "Unconstrained build operations Thread 11"        [_thread_in_native, id=6952, stack(0x0000001ba7500000,0x0000001ba7600000) (1024K)]
  0x000001acfc3c8b90 JavaThread "Unconstrained build operations Thread 12"        [_thread_in_native, id=15152, stack(0x0000001ba7600000,0x0000001ba7700000) (1024K)]
Total: 45

Other Threads:
  0x000001acf5c54470 VMThread "VM Thread"                           [id=17700, stack(0x0000001ba4200000,0x0000001ba4300000) (1024K)]
  0x000001acf5c42260 WatcherThread "VM Periodic Task Thread"        [id=18996, stack(0x0000001ba4100000,0x0000001ba4200000) (1024K)]
  0x000001ace8d54f30 WorkerThread "GC Thread#0"                     [id=18860, stack(0x0000001ba3c00000,0x0000001ba3d00000) (1024K)]
  0x000001acfa3225d0 WorkerThread "GC Thread#1"                     [id=12272, stack(0x0000001ba4d00000,0x0000001ba4e00000) (1024K)]
  0x000001acfa34f360 WorkerThread "GC Thread#2"                     [id=18580, stack(0x0000001ba4e00000,0x0000001ba4f00000) (1024K)]
  0x000001acfac579e0 WorkerThread "GC Thread#3"                     [id=9116, stack(0x0000001ba4f00000,0x0000001ba5000000) (1024K)]
  0x000001acfac57d90 WorkerThread "GC Thread#4"                     [id=17540, stack(0x0000001ba5000000,0x0000001ba5100000) (1024K)]
  0x000001acfbbc9860 WorkerThread "GC Thread#5"                     [id=20624, stack(0x0000001ba5200000,0x0000001ba5300000) (1024K)]
  0x000001acfbbc9c10 WorkerThread "GC Thread#6"                     [id=2524, stack(0x0000001ba5300000,0x0000001ba5400000) (1024K)]
  0x000001acfbbca890 WorkerThread "GC Thread#7"                     [id=17588, stack(0x0000001ba5400000,0x0000001ba5500000) (1024K)]
  0x000001ace8d62e40 ConcurrentGCThread "G1 Main Marker"            [id=21256, stack(0x0000001ba3d00000,0x0000001ba3e00000) (1024K)]
  0x000001ace8d646e0 WorkerThread "G1 Conc#0"                       [id=16040, stack(0x0000001ba3e00000,0x0000001ba3f00000) (1024K)]
  0x000001acfbb7eec0 WorkerThread "G1 Conc#1"                       [id=3792, stack(0x0000001ba6100000,0x0000001ba6200000) (1024K)]
  0x000001ace8dbe670 ConcurrentGCThread "G1 Refine#0"               [id=1164, stack(0x0000001ba3f00000,0x0000001ba4000000) (1024K)]
  0x000001acf5b18210 ConcurrentGCThread "G1 Service"                [id=10996, stack(0x0000001ba4000000,0x0000001ba4100000) (1024K)]
Total: 15

Threads with active compile tasks:
C2 CompilerThread0  20096 7927       4       org.gradle.cache.internal.btree.CachingBlockStore::read (56 bytes)
Total: 1

VM state: not at safepoint (normal execution)

VM Mutex/Monitor currently owned by a thread: None

Heap address: 0x00000000a0000000, size: 1536 MB, Compressed Oops mode: 32-bit

CDS archive(s) mapped at: [0x000001ac8f000000-0x000001ac8fc80000-0x000001ac8fc80000), size 13107200, SharedBaseAddress: 0x000001ac8f000000, ArchiveRelocationMode: 1.
Compressed class space mapped at: 0x000001ac90000000-0x000001acd0000000, reserved size: 1073741824
Narrow klass base: 0x000001ac8f000000, Narrow klass shift: 0, Narrow klass range: 0x100000000

GC Precious Log:
 CardTable entry size: 512
 Card Set container configuration: InlinePtr #cards 5 size 8 Array Of Cards #cards 12 size 40 Howl #buckets 4 coarsen threshold 1843 Howl Bitmap #cards 512 size 80 coarsen threshold 460 Card regions per heap region 1 cards per card region 2048
 CPUs: 8 total, 8 available
 Memory: 7455M
 Large Page Support: Disabled
 NUMA Support: Disabled
 Compressed Oops: Enabled (32-bit)
 Heap Region Size: 1M
 Heap Min Capacity: 8M
 Heap Initial Capacity: 118M
 Heap Max Capacity: 1536M
 Pre-touch: Disabled
 Parallel Workers: 8
 Concurrent Workers: 2
 Concurrent Refinement Workers: 8
 Periodic GC: Disabled

Heap:
 garbage-first heap   total 103424K, used 63920K [0x00000000a0000000, 0x0000000100000000)
  region size 1024K, 24 young (24576K), 7 survivors (7168K)
 Metaspace       used 60095K, committed 62016K, reserved 1114112K
  class space    used 8581K, committed 9536K, reserved 1048576K

Heap Regions: E=young(eden), S=young(survivor), O=old, HS=humongous(starts), HC=humongous(continues), CS=collection set, F=free, TAMS=top-at-mark-start, PB=parsable bottom
|   0|0x00000000a0000000, 0x00000000a0100000, 0x00000000a0100000|100%|HS|  |TAMS 0x00000000a0000000| PB 0x00000000a0000000| Complete 
|   1|0x00000000a0100000, 0x00000000a0200000, 0x00000000a0200000|100%|HC|  |TAMS 0x00000000a0100000| PB 0x00000000a0100000| Complete 
|   2|0x00000000a0200000, 0x00000000a0300000, 0x00000000a0300000|100%|HC|  |TAMS 0x00000000a0200000| PB 0x00000000a0200000| Complete 
|   3|0x00000000a0300000, 0x00000000a0400000, 0x00000000a0400000|100%|HC|  |TAMS 0x00000000a0300000| PB 0x00000000a0300000| Complete 
|   4|0x00000000a0400000, 0x00000000a0500000, 0x00000000a0500000|100%| O|  |TAMS 0x00000000a0400000| PB 0x00000000a0400000| Untracked 
|   5|0x00000000a0500000, 0x00000000a0600000, 0x00000000a0600000|100%| O|  |TAMS 0x00000000a0500000| PB 0x00000000a0500000| Untracked 
|   6|0x00000000a0600000, 0x00000000a0700000, 0x00000000a0700000|100%| O|  |TAMS 0x00000000a0600000| PB 0x00000000a0600000| Untracked 
|   7|0x00000000a0700000, 0x00000000a0800000, 0x00000000a0800000|100%|HS|  |TAMS 0x00000000a0700000| PB 0x00000000a0700000| Complete 
|   8|0x00000000a0800000, 0x00000000a0900000, 0x00000000a0900000|100%| O|  |TAMS 0x00000000a0800000| PB 0x00000000a0800000| Untracked 
|   9|0x00000000a0900000, 0x00000000a0a00000, 0x00000000a0a00000|100%| O|  |TAMS 0x00000000a0900000| PB 0x00000000a0900000| Untracked 
|  10|0x00000000a0a00000, 0x00000000a0b00000, 0x00000000a0b00000|100%| O|  |TAMS 0x00000000a0a00000| PB 0x00000000a0a00000| Untracked 
|  11|0x00000000a0b00000, 0x00000000a0c00000, 0x00000000a0c00000|100%| O|  |TAMS 0x00000000a0b00000| PB 0x00000000a0b00000| Untracked 
|  12|0x00000000a0c00000, 0x00000000a0d00000, 0x00000000a0d00000|100%| O|  |TAMS 0x00000000a0c00000| PB 0x00000000a0c00000| Untracked 
|  13|0x00000000a0d00000, 0x00000000a0e00000, 0x00000000a0e00000|100%| O|  |TAMS 0x00000000a0d00000| PB 0x00000000a0d00000| Untracked 
|  14|0x00000000a0e00000, 0x00000000a0f00000, 0x00000000a0f00000|100%| O|  |TAMS 0x00000000a0e00000| PB 0x00000000a0e00000| Untracked 
|  15|0x00000000a0f00000, 0x00000000a1000000, 0x00000000a1000000|100%| O|  |TAMS 0x00000000a0f00000| PB 0x00000000a0f00000| Untracked 
|  16|0x00000000a1000000, 0x00000000a1100000, 0x00000000a1100000|100%| O|  |TAMS 0x00000000a1000000| PB 0x00000000a1000000| Untracked 
|  17|0x00000000a1100000, 0x00000000a1200000, 0x00000000a1200000|100%| O|  |TAMS 0x00000000a1100000| PB 0x00000000a1100000| Untracked 
|  18|0x00000000a1200000, 0x00000000a1300000, 0x00000000a1300000|100%| O|  |TAMS 0x00000000a1200000| PB 0x00000000a1200000| Untracked 
|  19|0x00000000a1300000, 0x00000000a1400000, 0x00000000a1400000|100%| O|  |TAMS 0x00000000a1300000| PB 0x00000000a1300000| Untracked 
|  20|0x00000000a1400000, 0x00000000a1500000, 0x00000000a1500000|100%| O|  |TAMS 0x00000000a1400000| PB 0x00000000a1400000| Untracked 
|  21|0x00000000a1500000, 0x00000000a1600000, 0x00000000a1600000|100%| O|  |TAMS 0x00000000a1500000| PB 0x00000000a1500000| Untracked 
|  22|0x00000000a1600000, 0x00000000a1700000, 0x00000000a1700000|100%| O|  |TAMS 0x00000000a1600000| PB 0x00000000a1600000| Untracked 
|  23|0x00000000a1700000, 0x00000000a1800000, 0x00000000a1800000|100%| O|  |TAMS 0x00000000a1700000| PB 0x00000000a1700000| Untracked 
|  24|0x00000000a1800000, 0x00000000a1900000, 0x00000000a1900000|100%| O|  |TAMS 0x00000000a1800000| PB 0x00000000a1800000| Untracked 
|  25|0x00000000a1900000, 0x00000000a1a00000, 0x00000000a1a00000|100%| O|  |TAMS 0x00000000a1900000| PB 0x00000000a1900000| Untracked 
|  26|0x00000000a1a00000, 0x00000000a1b00000, 0x00000000a1b00000|100%| O|  |TAMS 0x00000000a1a00000| PB 0x00000000a1a00000| Untracked 
|  27|0x00000000a1b00000, 0x00000000a1c00000, 0x00000000a1c00000|100%| O|  |TAMS 0x00000000a1b00000| PB 0x00000000a1b00000| Untracked 
|  28|0x00000000a1c00000, 0x00000000a1d00000, 0x00000000a1d00000|100%| O|  |TAMS 0x00000000a1c00000| PB 0x00000000a1c00000| Untracked 
|  29|0x00000000a1d00000, 0x00000000a1e00000, 0x00000000a1e00000|100%| O|  |TAMS 0x00000000a1d00000| PB 0x00000000a1d00000| Untracked 
|  30|0x00000000a1e00000, 0x00000000a1f00000, 0x00000000a1f00000|100%| O|  |TAMS 0x00000000a1e00000| PB 0x00000000a1e00000| Untracked 
|  31|0x00000000a1f00000, 0x00000000a2000000, 0x00000000a2000000|100%| O|  |TAMS 0x00000000a1f00000| PB 0x00000000a1f00000| Untracked 
|  32|0x00000000a2000000, 0x00000000a206c260, 0x00000000a2100000| 42%| O|  |TAMS 0x00000000a2000000| PB 0x00000000a2000000| Untracked 
|  33|0x00000000a2100000, 0x00000000a2100000, 0x00000000a2200000|  0%| F|  |TAMS 0x00000000a2100000| PB 0x00000000a2100000| Untracked 
|  34|0x00000000a2200000, 0x00000000a2300000, 0x00000000a2300000|100%| S|CS|TAMS 0x00000000a2200000| PB 0x00000000a2200000| Complete 
|  35|0x00000000a2300000, 0x00000000a2400000, 0x00000000a2400000|100%| O|  |TAMS 0x00000000a2300000| PB 0x00000000a2300000| Untracked 
|  36|0x00000000a2400000, 0x00000000a2500000, 0x00000000a2500000|100%| O|  |TAMS 0x00000000a2400000| PB 0x00000000a2400000| Untracked 
|  37|0x00000000a2500000, 0x00000000a2600000, 0x00000000a2600000|100%| O|  |TAMS 0x00000000a2500000| PB 0x00000000a2500000| Untracked 
|  38|0x00000000a2600000, 0x00000000a2700000, 0x00000000a2700000|100%| O|  |TAMS 0x00000000a2600000| PB 0x00000000a2600000| Untracked 
|  39|0x00000000a2700000, 0x00000000a2800000, 0x00000000a2800000|100%| O|Cm|TAMS 0x00000000a2700000| PB 0x00000000a2700000| Complete 
|  40|0x00000000a2800000, 0x00000000a2900000, 0x00000000a2900000|100%| O|  |TAMS 0x00000000a2800000| PB 0x00000000a2800000| Untracked 
|  41|0x00000000a2900000, 0x00000000a2a00000, 0x00000000a2a00000|100%| O|  |TAMS 0x00000000a2900000| PB 0x00000000a2900000| Untracked 
|  42|0x00000000a2a00000, 0x00000000a2b00000, 0x00000000a2b00000|100%| S|CS|TAMS 0x00000000a2a00000| PB 0x00000000a2a00000| Complete 
|  43|0x00000000a2b00000, 0x00000000a2c00000, 0x00000000a2c00000|100%| S|CS|TAMS 0x00000000a2b00000| PB 0x00000000a2b00000| Complete 
|  44|0x00000000a2c00000, 0x00000000a2d00000, 0x00000000a2d00000|100%| S|CS|TAMS 0x00000000a2c00000| PB 0x00000000a2c00000| Complete 
|  45|0x00000000a2d00000, 0x00000000a2e00000, 0x00000000a2e00000|100%| S|CS|TAMS 0x00000000a2d00000| PB 0x00000000a2d00000| Complete 
|  46|0x00000000a2e00000, 0x00000000a2f00000, 0x00000000a2f00000|100%| O|  |TAMS 0x00000000a2e00000| PB 0x00000000a2e00000| Untracked 
|  47|0x00000000a2f00000, 0x00000000a3000000, 0x00000000a3000000|100%| S|CS|TAMS 0x00000000a2f00000| PB 0x00000000a2f00000| Complete 
|  48|0x00000000a3000000, 0x00000000a3100000, 0x00000000a3100000|100%| S|CS|TAMS 0x00000000a3000000| PB 0x00000000a3000000| Complete 
|  49|0x00000000a3100000, 0x00000000a3100000, 0x00000000a3200000|  0%| F|  |TAMS 0x00000000a3100000| PB 0x00000000a3100000| Untracked 
|  50|0x00000000a3200000, 0x00000000a3200000, 0x00000000a3300000|  0%| F|  |TAMS 0x00000000a3200000| PB 0x00000000a3200000| Untracked 
|  51|0x00000000a3300000, 0x00000000a3300000, 0x00000000a3400000|  0%| F|  |TAMS 0x00000000a3300000| PB 0x00000000a3300000| Untracked 
|  52|0x00000000a3400000, 0x00000000a3400000, 0x00000000a3500000|  0%| F|  |TAMS 0x00000000a3400000| PB 0x00000000a3400000| Untracked 
|  53|0x00000000a3500000, 0x00000000a3500000, 0x00000000a3600000|  0%| F|  |TAMS 0x00000000a3500000| PB 0x00000000a3500000| Untracked 
|  54|0x00000000a3600000, 0x00000000a3600000, 0x00000000a3700000|  0%| F|  |TAMS 0x00000000a3600000| PB 0x00000000a3600000| Untracked 
|  55|0x00000000a3700000, 0x00000000a3700000, 0x00000000a3800000|  0%| F|  |TAMS 0x00000000a3700000| PB 0x00000000a3700000| Untracked 
|  56|0x00000000a3800000, 0x00000000a3800000, 0x00000000a3900000|  0%| F|  |TAMS 0x00000000a3800000| PB 0x00000000a3800000| Untracked 
|  57|0x00000000a3900000, 0x00000000a3900000, 0x00000000a3a00000|  0%| F|  |TAMS 0x00000000a3900000| PB 0x00000000a3900000| Untracked 
|  58|0x00000000a3a00000, 0x00000000a3a00000, 0x00000000a3b00000|  0%| F|  |TAMS 0x00000000a3a00000| PB 0x00000000a3a00000| Untracked 
|  59|0x00000000a3b00000, 0x00000000a3b00000, 0x00000000a3c00000|  0%| F|  |TAMS 0x00000000a3b00000| PB 0x00000000a3b00000| Untracked 
|  60|0x00000000a3c00000, 0x00000000a3c00000, 0x00000000a3d00000|  0%| F|  |TAMS 0x00000000a3c00000| PB 0x00000000a3c00000| Untracked 
|  61|0x00000000a3d00000, 0x00000000a3d00000, 0x00000000a3e00000|  0%| F|  |TAMS 0x00000000a3d00000| PB 0x00000000a3d00000| Untracked 
|  62|0x00000000a3e00000, 0x00000000a3e00000, 0x00000000a3f00000|  0%| F|  |TAMS 0x00000000a3e00000| PB 0x00000000a3e00000| Untracked 
|  63|0x00000000a3f00000, 0x00000000a3f00000, 0x00000000a4000000|  0%| F|  |TAMS 0x00000000a3f00000| PB 0x00000000a3f00000| Untracked 
|  64|0x00000000a4000000, 0x00000000a4000000, 0x00000000a4100000|  0%| F|  |TAMS 0x00000000a4000000| PB 0x00000000a4000000| Untracked 
|  65|0x00000000a4100000, 0x00000000a4100000, 0x00000000a4200000|  0%| F|  |TAMS 0x00000000a4100000| PB 0x00000000a4100000| Untracked 
|  66|0x00000000a4200000, 0x00000000a4200000, 0x00000000a4300000|  0%| F|  |TAMS 0x00000000a4200000| PB 0x00000000a4200000| Untracked 
|  67|0x00000000a4300000, 0x00000000a4300000, 0x00000000a4400000|  0%| F|  |TAMS 0x00000000a4300000| PB 0x00000000a4300000| Untracked 
|  68|0x00000000a4400000, 0x00000000a4400000, 0x00000000a4500000|  0%| F|  |TAMS 0x00000000a4400000| PB 0x00000000a4400000| Untracked 
|  69|0x00000000a4500000, 0x00000000a4500000, 0x00000000a4600000|  0%| F|  |TAMS 0x00000000a4500000| PB 0x00000000a4500000| Untracked 
|  70|0x00000000a4600000, 0x00000000a4600000, 0x00000000a4700000|  0%| F|  |TAMS 0x00000000a4600000| PB 0x00000000a4600000| Untracked 
|  71|0x00000000a4700000, 0x00000000a4700000, 0x00000000a4800000|  0%| F|  |TAMS 0x00000000a4700000| PB 0x00000000a4700000| Untracked 
|  72|0x00000000a4800000, 0x00000000a4800000, 0x00000000a4900000|  0%| F|  |TAMS 0x00000000a4800000| PB 0x00000000a4800000| Untracked 
|  73|0x00000000a4900000, 0x00000000a4900000, 0x00000000a4a00000|  0%| F|  |TAMS 0x00000000a4900000| PB 0x00000000a4900000| Untracked 
|  74|0x00000000a4a00000, 0x00000000a4a00000, 0x00000000a4b00000|  0%| F|  |TAMS 0x00000000a4a00000| PB 0x00000000a4a00000| Untracked 
|  75|0x00000000a4b00000, 0x00000000a4b00000, 0x00000000a4c00000|  0%| F|  |TAMS 0x00000000a4b00000| PB 0x00000000a4b00000| Untracked 
|  76|0x00000000a4c00000, 0x00000000a4c00000, 0x00000000a4d00000|  0%| F|  |TAMS 0x00000000a4c00000| PB 0x00000000a4c00000| Untracked 
|  77|0x00000000a4d00000, 0x00000000a4d00000, 0x00000000a4e00000|  0%| F|  |TAMS 0x00000000a4d00000| PB 0x00000000a4d00000| Untracked 
|  78|0x00000000a4e00000, 0x00000000a4e00000, 0x00000000a4f00000|  0%| F|  |TAMS 0x00000000a4e00000| PB 0x00000000a4e00000| Untracked 
|  79|0x00000000a4f00000, 0x00000000a4f00000, 0x00000000a5000000|  0%| F|  |TAMS 0x00000000a4f00000| PB 0x00000000a4f00000| Untracked 
|  80|0x00000000a5000000, 0x00000000a5000000, 0x00000000a5100000|  0%| F|  |TAMS 0x00000000a5000000| PB 0x00000000a5000000| Untracked 
|  81|0x00000000a5100000, 0x00000000a5100000, 0x00000000a5200000|  0%| F|  |TAMS 0x00000000a5100000| PB 0x00000000a5100000| Untracked 
|  82|0x00000000a5200000, 0x00000000a5200000, 0x00000000a5300000|  0%| F|  |TAMS 0x00000000a5200000| PB 0x00000000a5200000| Untracked 
|  83|0x00000000a5300000, 0x00000000a5334148, 0x00000000a5400000| 20%| E|  |TAMS 0x00000000a5300000| PB 0x00000000a5300000| Complete 
|  84|0x00000000a5400000, 0x00000000a5500000, 0x00000000a5500000|100%| E|CS|TAMS 0x00000000a5400000| PB 0x00000000a5400000| Complete 
|  85|0x00000000a5500000, 0x00000000a5600000, 0x00000000a5600000|100%| E|CS|TAMS 0x00000000a5500000| PB 0x00000000a5500000| Complete 
|  86|0x00000000a5600000, 0x00000000a5700000, 0x00000000a5700000|100%| E|CS|TAMS 0x00000000a5600000| PB 0x00000000a5600000| Complete 
|  87|0x00000000a5700000, 0x00000000a5800000, 0x00000000a5800000|100%| E|CS|TAMS 0x00000000a5700000| PB 0x00000000a5700000| Complete 
|  88|0x00000000a5800000, 0x00000000a5900000, 0x00000000a5900000|100%| E|CS|TAMS 0x00000000a5800000| PB 0x00000000a5800000| Complete 
|  89|0x00000000a5900000, 0x00000000a5a00000, 0x00000000a5a00000|100%| E|CS|TAMS 0x00000000a5900000| PB 0x00000000a5900000| Complete 
|  90|0x00000000a5a00000, 0x00000000a5b00000, 0x00000000a5b00000|100%| E|CS|TAMS 0x00000000a5a00000| PB 0x00000000a5a00000| Complete 
|  91|0x00000000a5b00000, 0x00000000a5c00000, 0x00000000a5c00000|100%| E|  |TAMS 0x00000000a5b00000| PB 0x00000000a5b00000| Complete 
|  92|0x00000000a5c00000, 0x00000000a5d00000, 0x00000000a5d00000|100%| E|CS|TAMS 0x00000000a5c00000| PB 0x00000000a5c00000| Complete 
|  93|0x00000000a5d00000, 0x00000000a5e00000, 0x00000000a5e00000|100%| E|CS|TAMS 0x00000000a5d00000| PB 0x00000000a5d00000| Complete 
|  94|0x00000000a5e00000, 0x00000000a5f00000, 0x00000000a5f00000|100%| E|CS|TAMS 0x00000000a5e00000| PB 0x00000000a5e00000| Complete 
| 105|0x00000000a6900000, 0x00000000a6a00000, 0x00000000a6a00000|100%| E|CS|TAMS 0x00000000a6900000| PB 0x00000000a6900000| Complete 
| 106|0x00000000a6a00000, 0x00000000a6b00000, 0x00000000a6b00000|100%| E|CS|TAMS 0x00000000a6a00000| PB 0x00000000a6a00000| Complete 
| 107|0x00000000a6b00000, 0x00000000a6c00000, 0x00000000a6c00000|100%| E|CS|TAMS 0x00000000a6b00000| PB 0x00000000a6b00000| Complete 
| 108|0x00000000a6c00000, 0x00000000a6d00000, 0x00000000a6d00000|100%| E|CS|TAMS 0x00000000a6c00000| PB 0x00000000a6c00000| Complete 
| 109|0x00000000a6d00000, 0x00000000a6e00000, 0x00000000a6e00000|100%| E|CS|TAMS 0x00000000a6d00000| PB 0x00000000a6d00000| Complete 
| 117|0x00000000a7500000, 0x00000000a7600000, 0x00000000a7600000|100%| E|CS|TAMS 0x00000000a7500000| PB 0x00000000a7500000| Complete 

Card table byte_map: [0x000001acf1a50000,0x000001acf1d50000] _byte_map_base: 0x000001acf1550000

Marking Bits: (CMBitMap*) 0x000001ace8d55550
 Bits: [0x000001acf1d50000, 0x000001acf3550000)

Polling page: 0x000001ace6b30000

Metaspace:

Usage:
  Non-class:     50.31 MB used.
      Class:      8.38 MB used.
       Both:     58.69 MB used.

Virtual space:
  Non-class space:       64.00 MB reserved,      51.25 MB ( 80%) committed,  1 nodes.
      Class space:        1.00 GB reserved,       9.31 MB ( <1%) committed,  1 nodes.
             Both:        1.06 GB reserved,      60.56 MB (  6%) committed. 

Chunk freelists:
   Non-Class:  11.91 MB
       Class:  6.50 MB
        Both:  18.41 MB

MaxMetaspaceSize: unlimited
CompressedClassSpaceSize: 1.00 GB
Initial GC threshold: 21.00 MB
Current GC threshold: 98.06 MB
CDS: on
 - commit_granule_bytes: 65536.
 - commit_granule_words: 8192.
 - virtual_space_node_default_size: 8388608.
 - enlarge_chunks_in_place: 1.
 - use_allocation_guard: 0.


Internal statistics:

num_allocs_failed_limit: 9.
num_arena_births: 3578.
num_arena_deaths: 0.
num_vsnodes_births: 2.
num_vsnodes_deaths: 0.
num_space_committed: 969.
num_space_uncommitted: 0.
num_chunks_returned_to_freelist: 9.
num_chunks_taken_from_freelist: 6522.
num_chunk_merges: 9.
num_chunk_splits: 4239.
num_chunks_enlarged: 2582.
num_inconsistent_stats: 0.

CodeHeap 'non-profiled nmethods': size=120000Kb used=3733Kb max_used=3733Kb free=116266Kb
 bounds [0x000001ac87ad0000, 0x000001ac87e80000, 0x000001ac8f000000]
CodeHeap 'profiled nmethods': size=120000Kb used=14104Kb max_used=14104Kb free=105895Kb
 bounds [0x000001ac80000000, 0x000001ac80dd0000, 0x000001ac87530000]
CodeHeap 'non-nmethods': size=5760Kb used=1903Kb max_used=1943Kb free=3856Kb
 bounds [0x000001ac87530000, 0x000001ac877a0000, 0x000001ac87ad0000]
CodeCache: size=245760Kb, used=19740Kb, max_used=19780Kb, free=226017Kb
 total_blobs=8277, nmethods=7507, adapters=674, full_count=0
Compilation: enabled, stopped_count=0, restarted_count=0

Compilation events (20 events):
Event: 18.796 Thread 0x000001acf5c9e220 8097       3       org.gradle.cache.internal.btree.BTreePersistentIndexedCache$IndexBlock::access$600 (6 bytes)
Event: 18.797 Thread 0x000001acf5c9e220 nmethod 8097 0x000001ac80d8ca90 code [0x000001ac80d8cc40, 0x000001ac80d8cd60]
Event: 18.797 Thread 0x000001acf5c9e220 8092       3       com.google.common.collect.ImmutableMapEntrySet::isHashCodeFast (8 bytes)
Event: 18.797 Thread 0x000001acf5c9e220 nmethod 8092 0x000001ac80d8ce10 code [0x000001ac80d8cfe0, 0x000001ac80d8d270]
Event: 18.798 Thread 0x000001acf5c9e220 8099       3       org.gradle.internal.snapshot.DirectorySnapshot::getType (4 bytes)
Event: 18.798 Thread 0x000001acf5c9e220 nmethod 8099 0x000001ac80d8d390 code [0x000001ac80d8d520, 0x000001ac80d8d638]
Event: 18.799 Thread 0x000001acf5c9e220 8100       3       java.util.RegularEnumSet$EnumSetIterator::hasNext (15 bytes)
Event: 18.799 Thread 0x000001acf5c9e220 nmethod 8100 0x000001ac80d8d710 code [0x000001ac80d8d8a0, 0x000001ac80d8da08]
Event: 18.800 Thread 0x000001acf5c9e220 8101       3       org.gradle.cache.internal.DefaultCacheFactory$ReferenceTrackingCache::withFileLock (14 bytes)
Event: 18.801 Thread 0x000001acf5c9e220 nmethod 8101 0x000001ac80d8da90 code [0x000001ac80d8dc60, 0x000001ac80d8dfe8]
Event: 18.801 Thread 0x000001acf5c9e220 8102       3       org.gradle.cache.internal.DefaultPersistentDirectoryStore::withFileLock (9 bytes)
Event: 18.801 Thread 0x000001acf5c9e220 nmethod 8102 0x000001ac80d8e190 code [0x000001ac80d8e340, 0x000001ac80d8e590]
Event: 18.801 Thread 0x000001acf5c9e220 8103       3       org.gradle.internal.file.impl.SingleDepthFileAccessTracker::markAccessed (79 bytes)
Event: 18.802 Thread 0x000001acf5c9e220 nmethod 8103 0x000001ac80d8e690 code [0x000001ac80d8e8e0, 0x000001ac80d8f180]
Event: 18.802 Thread 0x000001acf5c9e220 8104       3       org.gradle.internal.execution.workspace.impl.CacheBasedImmutableWorkspaceProvider$2::<init> (26 bytes)
Event: 18.802 Thread 0x000001acf5c9e220 nmethod 8104 0x000001ac80d8f490 code [0x000001ac80d8f640, 0x000001ac80d8f918]
Event: 18.802 Thread 0x000001acf5c9e220 8105       3       com.google.common.collect.CollectSpliterators$1WithCharacteristics::estimateSize (10 bytes)
Event: 18.802 Thread 0x000001acf5c9e220 nmethod 8105 0x000001ac80d8fa10 code [0x000001ac80d8fbc0, 0x000001ac80d8fd98]
Event: 18.802 Thread 0x000001acf5c9e220 8106       3       org.gradle.internal.execution.steps.IdentityCacheStep::execute (15 bytes)
Event: 19.805 Thread 0x000001acf5c9e220 nmethod 8106 0x000001ac80d8fe90 code [0x000001ac80d90040, 0x000001ac80d90308]

GC Heap History (20 events):
Event: 8.463 GC heap before
{Heap before GC invocations=4 (full 0):
 garbage-first heap   total 120832K, used 31808K [0x00000000a0000000, 0x0000000100000000)
  region size 1024K, 13 young (13312K), 5 survivors (5120K)
 Metaspace       used 20881K, committed 21504K, reserved 1114112K
  class space    used 2828K, committed 3136K, reserved 1048576K
}
Event: 8.468 GC heap after
{Heap after GC invocations=5 (full 0):
 garbage-first heap   total 120832K, used 24894K [0x00000000a0000000, 0x0000000100000000)
  region size 1024K, 5 young (5120K), 5 survivors (5120K)
 Metaspace       used 20881K, committed 21504K, reserved 1114112K
  class space    used 2828K, committed 3136K, reserved 1048576K
}
Event: 9.654 GC heap before
{Heap before GC invocations=6 (full 0):
 garbage-first heap   total 86016K, used 70974K [0x00000000a0000000, 0x0000000100000000)
  region size 1024K, 50 young (51200K), 5 survivors (5120K)
 Metaspace       used 26736K, committed 27712K, reserved 1114112K
  class space    used 3814K, committed 4288K, reserved 1048576K
}
Event: 9.666 GC heap after
{Heap after GC invocations=7 (full 0):
 garbage-first heap   total 86016K, used 28002K [0x00000000a0000000, 0x0000000100000000)
  region size 1024K, 4 young (4096K), 4 survivors (4096K)
 Metaspace       used 26736K, committed 27712K, reserved 1114112K
  class space    used 3814K, committed 4288K, reserved 1048576K
}
Event: 10.873 GC heap before
{Heap before GC invocations=7 (full 0):
 garbage-first heap   total 86016K, used 71010K [0x00000000a0000000, 0x0000000100000000)
  region size 1024K, 46 young (47104K), 4 survivors (4096K)
 Metaspace       used 33587K, committed 34752K, reserved 1114112K
  class space    used 4740K, committed 5312K, reserved 1048576K
}
Event: 10.879 GC heap after
{Heap after GC invocations=8 (full 0):
 garbage-first heap   total 86016K, used 29699K [0x00000000a0000000, 0x0000000100000000)
  region size 1024K, 5 young (5120K), 5 survivors (5120K)
 Metaspace       used 33587K, committed 34752K, reserved 1114112K
  class space    used 4740K, committed 5312K, reserved 1048576K
}
Event: 11.099 GC heap before
{Heap before GC invocations=8 (full 0):
 garbage-first heap   total 86016K, used 39939K [0x00000000a0000000, 0x0000000100000000)
  region size 1024K, 16 young (16384K), 5 survivors (5120K)
 Metaspace       used 34781K, committed 35968K, reserved 1114112K
  class space    used 4940K, committed 5504K, reserved 1048576K
}
Event: 11.105 GC heap after
{Heap after GC invocations=9 (full 0):
 garbage-first heap   total 86016K, used 30557K [0x00000000a0000000, 0x0000000100000000)
  region size 1024K, 3 young (3072K), 3 survivors (3072K)
 Metaspace       used 34781K, committed 35968K, reserved 1114112K
  class space    used 4940K, committed 5504K, reserved 1048576K
}
Event: 12.103 GC heap before
{Heap before GC invocations=10 (full 0):
 garbage-first heap   total 86016K, used 74589K [0x00000000a0000000, 0x0000000100000000)
  region size 1024K, 47 young (48128K), 3 survivors (3072K)
 Metaspace       used 41162K, committed 42752K, reserved 1114112K
  class space    used 5824K, committed 6592K, reserved 1048576K
}
Event: 12.109 GC heap after
{Heap after GC invocations=11 (full 0):
 garbage-first heap   total 86016K, used 33910K [0x00000000a0000000, 0x0000000100000000)
  region size 1024K, 6 young (6144K), 6 survivors (6144K)
 Metaspace       used 41162K, committed 42752K, reserved 1114112K
  class space    used 5824K, committed 6592K, reserved 1048576K
}
Event: 12.579 GC heap before
{Heap before GC invocations=11 (full 0):
 garbage-first heap   total 86016K, used 74870K [0x00000000a0000000, 0x0000000100000000)
  region size 1024K, 46 young (47104K), 6 survivors (6144K)
 Metaspace       used 42684K, committed 44352K, reserved 1114112K
  class space    used 6087K, committed 6912K, reserved 1048576K
}
Event: 12.587 GC heap after
{Heap after GC invocations=12 (full 0):
 garbage-first heap   total 86016K, used 35165K [0x00000000a0000000, 0x0000000100000000)
  region size 1024K, 2 young (2048K), 2 survivors (2048K)
 Metaspace       used 42684K, committed 44352K, reserved 1114112K
  class space    used 6087K, committed 6912K, reserved 1048576K
}
Event: 13.596 GC heap before
{Heap before GC invocations=12 (full 0):
 garbage-first heap   total 86016K, used 76125K [0x00000000a0000000, 0x0000000100000000)
  region size 1024K, 42 young (43008K), 2 survivors (2048K)
 Metaspace       used 47385K, committed 49216K, reserved 1114112K
  class space    used 6849K, committed 7744K, reserved 1048576K
}
Event: 13.601 GC heap after
{Heap after GC invocations=13 (full 0):
 garbage-first heap   total 103424K, used 36715K [0x00000000a0000000, 0x0000000100000000)
  region size 1024K, 4 young (4096K), 4 survivors (4096K)
 Metaspace       used 47385K, committed 49216K, reserved 1114112K
  class space    used 6849K, committed 7744K, reserved 1048576K
}
Event: 15.445 GC heap before
{Heap before GC invocations=13 (full 0):
 garbage-first heap   total 103424K, used 93035K [0x00000000a0000000, 0x0000000100000000)
  region size 1024K, 59 young (60416K), 4 survivors (4096K)
 Metaspace       used 54699K, committed 56640K, reserved 1114112K
  class space    used 7877K, committed 8832K, reserved 1048576K
}
Event: 15.452 GC heap after
{Heap after GC invocations=14 (full 0):
 garbage-first heap   total 103424K, used 41561K [0x00000000a0000000, 0x0000000100000000)
  region size 1024K, 8 young (8192K), 8 survivors (8192K)
 Metaspace       used 54699K, committed 56640K, reserved 1114112K
  class space    used 7877K, committed 8832K, reserved 1048576K
}
Event: 16.519 GC heap before
{Heap before GC invocations=14 (full 0):
 garbage-first heap   total 103424K, used 78425K [0x00000000a0000000, 0x0000000100000000)
  region size 1024K, 45 young (46080K), 8 survivors (8192K)
 Metaspace       used 58191K, committed 60160K, reserved 1114112K
  class space    used 8446K, committed 9408K, reserved 1048576K
}
Event: 16.526 GC heap after
{Heap after GC invocations=15 (full 0):
 garbage-first heap   total 103424K, used 42912K [0x00000000a0000000, 0x0000000100000000)
  region size 1024K, 3 young (3072K), 3 survivors (3072K)
 Metaspace       used 58191K, committed 60160K, reserved 1114112K
  class space    used 8446K, committed 9408K, reserved 1048576K
}
Event: 18.455 GC heap before
{Heap before GC invocations=16 (full 0):
 garbage-first heap   total 103424K, used 93088K [0x00000000a0000000, 0x0000000100000000)
  region size 1024K, 52 young (53248K), 3 survivors (3072K)
 Metaspace       used 59875K, committed 61824K, reserved 1114112K
  class space    used 8581K, committed 9536K, reserved 1048576K
}
Event: 18.464 GC heap after
{Heap after GC invocations=17 (full 0):
 garbage-first heap   total 103424K, used 48560K [0x00000000a0000000, 0x0000000100000000)
  region size 1024K, 7 young (7168K), 7 survivors (7168K)
 Metaspace       used 59875K, committed 61824K, reserved 1114112K
  class space    used 8581K, committed 9536K, reserved 1048576K
}

Dll operation events (15 events):
Event: 0.020 Loaded shared library C:\Program Files\Eclipse Adoptium\jdk-21.0.11.10-hotspot\bin\java.dll
Event: 0.058 Loaded shared library C:\Program Files\Eclipse Adoptium\jdk-21.0.11.10-hotspot\bin\jsvml.dll
Event: 0.124 Loaded shared library C:\Program Files\Eclipse Adoptium\jdk-21.0.11.10-hotspot\bin\zip.dll
Event: 0.133 Loaded shared library C:\Program Files\Eclipse Adoptium\jdk-21.0.11.10-hotspot\bin\instrument.dll
Event: 0.142 Loaded shared library C:\Program Files\Eclipse Adoptium\jdk-21.0.11.10-hotspot\bin\net.dll
Event: 0.145 Loaded shared library C:\Program Files\Eclipse Adoptium\jdk-21.0.11.10-hotspot\bin\nio.dll
Event: 0.150 Loaded shared library C:\Program Files\Eclipse Adoptium\jdk-21.0.11.10-hotspot\bin\zip.dll
Event: 0.623 Loaded shared library C:\Program Files\Eclipse Adoptium\jdk-21.0.11.10-hotspot\bin\jimage.dll
Event: 1.540 Loaded shared library C:\Program Files\Eclipse Adoptium\jdk-21.0.11.10-hotspot\bin\verify.dll
Event: 1.724 Loaded shared library C:\Users\User\.gradle\native\660c5614fbf4a5f2a75b1949f50a0caf5cd603558e7d8a26e50b933a0cfb79d1\windows-amd64\native-platform.dll
Event: 1.742 Loaded shared library C:\Users\User\.gradle\native\0.2.8\x86_64-windows-gnu\gradle-fileevents.dll
Event: 4.516 Loaded shared library C:\Program Files\Eclipse Adoptium\jdk-21.0.11.10-hotspot\bin\management.dll
Event: 4.526 Loaded shared library C:\Program Files\Eclipse Adoptium\jdk-21.0.11.10-hotspot\bin\management_ext.dll
Event: 4.781 Loaded shared library C:\Program Files\Eclipse Adoptium\jdk-21.0.11.10-hotspot\bin\extnet.dll
Event: 5.126 Loaded shared library C:\Program Files\Eclipse Adoptium\jdk-21.0.11.10-hotspot\bin\sunmscapi.dll

Deoptimization events (20 events):
Event: 17.778 Thread 0x000001acfc994cf0 Uncommon trap: trap_request=0xffffff45 fr.pc=0x000001ac87bbcd3c relative=0x000000000000137c
Event: 17.778 Thread 0x000001acfc994cf0 Uncommon trap: reason=unstable_if action=reinterpret pc=0x000001ac87bbcd3c method=java.util.concurrent.ConcurrentHashMap.addCount(JI)V @ 171 c2
Event: 17.778 Thread 0x000001acfc994cf0 DEOPT PACKING pc=0x000001ac87bbcd3c sp=0x0000001ba72fe1e0
Event: 17.778 Thread 0x000001acfc994cf0 DEOPT UNPACKING pc=0x000001ac87584422 sp=0x0000001ba72fe0a0 mode 2
Event: 17.790 Thread 0x000001acfc994660 Uncommon trap: trap_request=0xffffff45 fr.pc=0x000001ac87bbf4ac relative=0x000000000000016c
Event: 17.790 Thread 0x000001acfc994660 Uncommon trap: reason=unstable_if action=reinterpret pc=0x000001ac87bbf4ac method=java.util.concurrent.ConcurrentHashMap.addCount(JI)V @ 34 c2
Event: 17.790 Thread 0x000001acfc994660 DEOPT PACKING pc=0x000001ac87bbf4ac sp=0x0000001ba71fd5a0
Event: 17.790 Thread 0x000001acfc994660 DEOPT UNPACKING pc=0x000001ac87584422 sp=0x0000001ba71fd4e0 mode 2
Event: 17.831 Thread 0x000001acfc994cf0 Uncommon trap: trap_request=0xffffff45 fr.pc=0x000001ac87bce5f0 relative=0x0000000000001730
Event: 17.831 Thread 0x000001acfc994660 Uncommon trap: trap_request=0xffffff45 fr.pc=0x000001ac87bce478 relative=0x00000000000015b8
Event: 17.831 Thread 0x000001acfc994cf0 Uncommon trap: reason=unstable_if action=reinterpret pc=0x000001ac87bce5f0 method=java.util.concurrent.ConcurrentHashMap.transfer([Ljava/util/concurrent/ConcurrentHashMap$Node;[Ljava/util/concurrent/ConcurrentHashMap$Node;)V @ 273 c2
Event: 17.831 Thread 0x000001acfc994660 Uncommon trap: reason=unstable_if action=reinterpret pc=0x000001ac87bce478 method=java.util.concurrent.ConcurrentHashMap.transfer([Ljava/util/concurrent/ConcurrentHashMap$Node;[Ljava/util/concurrent/ConcurrentHashMap$Node;)V @ 34 c2
Event: 17.831 Thread 0x000001acfc994660 DEOPT PACKING pc=0x000001ac87bce478 sp=0x0000001ba71fdf00
Event: 17.831 Thread 0x000001acfc994cf0 DEOPT PACKING pc=0x000001ac87bce5f0 sp=0x0000001ba72fdfe0
Event: 17.831 Thread 0x000001acfc994660 DEOPT UNPACKING pc=0x000001ac87584422 sp=0x0000001ba71fde78 mode 2
Event: 17.831 Thread 0x000001acfc994cf0 DEOPT UNPACKING pc=0x000001ac87584422 sp=0x0000001ba72fdf50 mode 2
Event: 18.354 Thread 0x000001acfc994660 Uncommon trap: trap_request=0xffffff45 fr.pc=0x000001ac87dd6ca8 relative=0x0000000000001188
Event: 18.354 Thread 0x000001acfc994660 Uncommon trap: reason=unstable_if action=reinterpret pc=0x000001ac87dd6ca8 method=java.util.concurrent.ConcurrentHashMap.computeIfAbsent(Ljava/lang/Object;Ljava/util/function/Function;)Ljava/lang/Object; @ 279 c2
Event: 18.354 Thread 0x000001acfc994660 DEOPT PACKING pc=0x000001ac87dd6ca8 sp=0x0000001ba71fd2e0
Event: 18.354 Thread 0x000001acfc994660 DEOPT UNPACKING pc=0x000001ac87584422 sp=0x0000001ba71fd258 mode 2

Classes loaded (20 events):
Event: 16.688 Loading class jdk/internal/logger/LoggerFinderLoader$TemporaryLoggerFinder
Event: 16.689 Loading class jdk/internal/logger/LoggerFinderLoader$TemporaryLoggerFinder done
Event: 16.689 Loading class sun/util/logging/internal/LoggingProviderImpl$JULWrapper
Event: 16.689 Loading class sun/util/logging/PlatformLogger$ConfigurableBridge$LoggerConfiguration
Event: 16.690 Loading class sun/util/logging/PlatformLogger$ConfigurableBridge$LoggerConfiguration done
Event: 16.690 Loading class sun/util/logging/internal/LoggingProviderImpl$JULWrapper done
Event: 16.690 Loading class java/io/ObjectInputFilter$Config$BuiltinFilterFactory
Event: 16.691 Loading class java/io/ObjectInputFilter$Config$BuiltinFilterFactory done
Event: 16.691 Loading class jdk/internal/access/JavaObjectInputFilterAccess
Event: 16.691 Loading class jdk/internal/access/JavaObjectInputFilterAccess done
Event: 16.692 Loading class jdk/internal/event/DeserializationEvent
Event: 16.692 Loading class jdk/internal/event/DeserializationEvent done
Event: 16.693 Loading class java/io/ObjectInputStream$FieldValues
Event: 16.693 Loading class java/io/ObjectInputStream$GetField
Event: 16.693 Loading class java/io/ObjectInputStream$GetField done
Event: 16.693 Loading class java/io/ObjectInputStream$FieldValues done
Event: 17.625 Loading class java/util/LinkedList$LLSpliterator
Event: 17.626 Loading class java/util/LinkedList$LLSpliterator done
Event: 17.913 Loading class java/lang/foreign/MemorySegment
Event: 17.962 Loading class java/lang/foreign/MemorySegment done

Classes unloaded (0 events):
No events

Classes redefined (0 events):
No events

Internal exceptions (20 events):
Event: 15.188 Thread 0x000001acfa20def0 Exception <a 'sun/nio/fs/WindowsException'{0x00000000a3a466e0}> (0x00000000a3a466e0) 
thrown [s\src\hotspot\share\prims\jni.cpp, line 520]
Event: 15.188 Thread 0x000001acfa20def0 Exception <a 'sun/nio/fs/WindowsException'{0x00000000a3a488c8}> (0x00000000a3a488c8) 
thrown [s\src\hotspot\share\prims\jni.cpp, line 520]
Event: 15.189 Thread 0x000001acfa20def0 Exception <a 'sun/nio/fs/WindowsException'{0x00000000a3a51880}> (0x00000000a3a51880) 
thrown [s\src\hotspot\share\prims\jni.cpp, line 520]
Event: 15.490 Thread 0x000001acfa20def0 Exception <a 'java/lang/NoSuchMethodError'{0x00000000a6da6f48}: 'void java.lang.invoke.DirectMethodHandle$Holder.invokeStatic(java.lang.Object, java.lang.Object, java.lang.Object, java.lang.Object, java.lang.Object, java.lang.Object, java.lang.Object)'> (0x00000000a6da6f48) 
thrown [s\src\hotspot\share\interpreter\linkResolver.cpp, line 773]
Event: 15.631 Thread 0x000001acfa20def0 Exception <a 'sun/nio/fs/WindowsException'{0x00000000a5e94dd8}> (0x00000000a5e94dd8) 
thrown [s\src\hotspot\share\prims\jni.cpp, line 520]
Event: 15.790 Thread 0x000001acfa20def0 Exception <a 'java/lang/NoSuchMethodError'{0x00000000a57a7ad0}: 'java.lang.Object java.lang.invoke.Invokers$Holder.invoker(java.lang.Object, java.lang.Object, java.lang.Object, java.lang.Object, java.lang.Object)'> (0x00000000a57a7ad0) 
thrown [s\src\hotspot\share\interpreter\linkResolver.cpp, line 773]
Event: 15.893 Thread 0x000001acfa20def0 Exception <a 'sun/nio/fs/WindowsException'{0x00000000a520fd90}> (0x00000000a520fd90) 
thrown [s\src\hotspot\share\prims\jni.cpp, line 520]
Event: 15.931 Thread 0x000001acfa20def0 Exception <a 'sun/nio/fs/WindowsException'{0x00000000a51c2b18}> (0x00000000a51c2b18) 
thrown [s\src\hotspot\share\prims\jni.cpp, line 520]
Event: 16.165 Thread 0x000001acfa20def0 Exception <a 'java/lang/NoSuchMethodError'{0x00000000a4a6ce48}: 'long java.lang.invoke.DirectMethodHandle$Holder.invokeStatic(java.lang.Object, long)'> (0x00000000a4a6ce48) 
thrown [s\src\hotspot\share\interpreter\linkResolver.cpp, line 773]
Event: 16.214 Thread 0x000001acfa20def0 Implicit null exception at 0x000001ac87db3f43 to 0x000001ac87db427c
Event: 16.647 Thread 0x000001acfa20def0 Exception <a 'java/lang/NoSuchMethodError'{0x00000000a6c666f0}: static Lorg/gradle/api/internal/catalog/DefaultVersionCatalog;.<clinit>()V> (0x00000000a6c666f0) 
thrown [s\src\hotspot\share\prims\jni.cpp, line 1111]
Event: 16.651 Thread 0x000001acfa20def0 Exception <a 'java/lang/NoSuchMethodError'{0x00000000a6c847d8}: 'long java.lang.invoke.DirectMethodHandle$Holder.invokeSpecial(java.lang.Object, java.lang.Object)'> (0x00000000a6c847d8) 
thrown [s\src\hotspot\share\interpreter\linkResolver.cpp, line 773]
Event: 16.651 Thread 0x000001acfa20def0 Exception <a 'java/lang/NoSuchMethodError'{0x00000000a6ca7168}: 'long java.lang.invoke.Invokers$Holder.invokeExact_MT(java.lang.Object, java.lang.Object)'> (0x00000000a6ca7168) 
thrown [s\src\hotspot\share\interpreter\linkResolver.cpp, line 773]
Event: 16.657 Thread 0x000001acfa20def0 Exception <a 'java/lang/NoSuchMethodError'{0x00000000a6cdc7e0}: static [Ljava/lang/Object;.<clinit>()V> (0x00000000a6cdc7e0) 
thrown [s\src\hotspot\share\prims\jni.cpp, line 1111]
Event: 16.662 Thread 0x000001acfa20def0 Exception <a 'java/lang/NoSuchMethodError'{0x00000000a6b1aa00}: static Lorg/gradle/api/internal/catalog/DependencyModel;.<clinit>()V> (0x00000000a6b1aa00) 
thrown [s\src\hotspot\share\prims\jni.cpp, line 1111]
Event: 16.662 Thread 0x000001acfa20def0 Exception <a 'java/lang/NoSuchMethodError'{0x00000000a6b1ee68}: static Lorg/gradle/api/internal/catalog/AbstractContextAwareModel;.<clinit>()V> (0x00000000a6b1ee68) 
thrown [s\src\hotspot\share\prims\jni.cpp, line 1111]
Event: 16.664 Thread 0x000001acfa20def0 Exception <a 'java/lang/NoSuchMethodError'{0x00000000a6b37e20}: static Lorg/gradle/api/internal/artifacts/dependencies/AbstractVersionConstraint;.<clinit>()V> (0x00000000a6b37e20) 
thrown [s\src\hotspot\share\prims\jni.cpp, line 1111]
Event: 16.674 Thread 0x000001acfa20def0 Exception <a 'java/lang/NoSuchMethodError'{0x00000000a6b9c010}: static Lorg/gradle/api/internal/catalog/PluginModel;.<clinit>()V> (0x00000000a6b9c010) 
thrown [s\src\hotspot\share\prims\jni.cpp, line 1111]
Event: 16.676 Thread 0x000001acfa20def0 Exception <a 'java/lang/NoSuchMethodError'{0x00000000a6bb3540}: static Lorg/gradle/api/internal/catalog/VersionModel;.<clinit>()V> (0x00000000a6bb3540) 
thrown [s\src\hotspot\share\prims\jni.cpp, line 1111]
Event: 17.627 Thread 0x000001acfa20def0 Exception <a 'java/lang/IncompatibleClassChangeError'{0x00000000a51ea0b0}: Found class java.lang.Object, but interface was expected> (0x00000000a51ea0b0) 
thrown [s\src\hotspot\share\interpreter\linkResolver.cpp, line 840]

ZGC Phase Switch (0 events):
No events

VM Operations (20 events):
Event: 15.768 Executing safepoint VM operation: ICBufferFull done
Event: 16.398 Executing safepoint VM operation: ICBufferFull
Event: 16.398 Executing safepoint VM operation: ICBufferFull done
Event: 16.518 Executing safepoint VM operation: CollectForMetadataAllocation (Metadata GC Threshold)
Event: 16.526 Executing safepoint VM operation: CollectForMetadataAllocation (Metadata GC Threshold) done
Event: 16.561 Executing safepoint VM operation: G1PauseRemark
Event: 16.566 Executing safepoint VM operation: G1PauseRemark done
Event: 16.579 Executing safepoint VM operation: G1PauseCleanup
Event: 16.579 Executing safepoint VM operation: G1PauseCleanup done
Event: 17.060 Executing safepoint VM operation: ICBufferFull
Event: 17.060 Executing safepoint VM operation: ICBufferFull done
Event: 17.592 Executing safepoint VM operation: ICBufferFull
Event: 17.592 Executing safepoint VM operation: ICBufferFull done
Event: 17.822 Executing safepoint VM operation: ICBufferFull
Event: 17.822 Executing safepoint VM operation: ICBufferFull done
Event: 18.350 Executing safepoint VM operation: ICBufferFull
Event: 18.350 Executing safepoint VM operation: ICBufferFull done
Event: 18.455 Executing safepoint VM operation: G1CollectForAllocation (G1 Evacuation Pause)
Event: 18.464 Executing safepoint VM operation: G1CollectForAllocation (G1 Evacuation Pause) done
Event: 19.465 Executing safepoint VM operation: Cleanup

Memory protections (0 events):
No events

Nmethod flushes (20 events):
Event: 16.565 Thread 0x000001acf5c54470 flushing  nmethod 0x000001ac803b2710
Event: 16.565 Thread 0x000001acf5c54470 flushing  nmethod 0x000001ac803d9990
Event: 16.565 Thread 0x000001acf5c54470 flushing  nmethod 0x000001ac80618810
Event: 16.565 Thread 0x000001acf5c54470 flushing  nmethod 0x000001ac80647290
Event: 16.565 Thread 0x000001acf5c54470 flushing  nmethod 0x000001ac80648890
Event: 16.565 Thread 0x000001acf5c54470 flushing  nmethod 0x000001ac8064a810
Event: 16.565 Thread 0x000001acf5c54470 flushing  nmethod 0x000001ac80679d10
Event: 16.565 Thread 0x000001acf5c54470 flushing  nmethod 0x000001ac8067b290
Event: 16.565 Thread 0x000001acf5c54470 flushing  nmethod 0x000001ac8067c190
Event: 16.565 Thread 0x000001acf5c54470 flushing  nmethod 0x000001ac8067ee10
Event: 16.565 Thread 0x000001acf5c54470 flushing  nmethod 0x000001ac8067f410
Event: 16.565 Thread 0x000001acf5c54470 flushing  nmethod 0x000001ac806ac810
Event: 16.565 Thread 0x000001acf5c54470 flushing  nmethod 0x000001ac806ad010
Event: 16.565 Thread 0x000001acf5c54470 flushing  nmethod 0x000001ac806ad410
Event: 16.565 Thread 0x000001acf5c54470 flushing  nmethod 0x000001ac806adb90
Event: 16.565 Thread 0x000001acf5c54470 flushing  nmethod 0x000001ac806aeb90
Event: 16.565 Thread 0x000001acf5c54470 flushing  nmethod 0x000001ac806af690
Event: 16.565 Thread 0x000001acf5c54470 flushing  nmethod 0x000001ac806b0190
Event: 16.565 Thread 0x000001acf5c54470 flushing  nmethod 0x000001ac806b3e10
Event: 16.565 Thread 0x000001acf5c54470 flushing  nmethod 0x000001ac80704e90

Events (20 events):
Event: 9.166 Thread 0x000001acfa20def0 Thread added: 0x000001acfa20d860
Event: 9.443 Thread 0x000001acfa20def0 Thread added: 0x000001acfa213440
Event: 9.963 Thread 0x000001acfa20def0 Thread added: 0x000001acfa212720
Event: 10.529 Thread 0x000001acfa20def0 Thread added: 0x000001acfc65b880
Event: 10.537 Thread 0x000001acfa20def0 Thread added: 0x000001acfc65c5a0
Event: 11.386 Thread 0x000001acfa20def0 Thread added: 0x000001acfc65cc30
Event: 11.464 Thread 0x000001acfa20def0 Thread added: 0x000001acfc65d950
Event: 14.115 Thread 0x000001acfa20def0 Thread added: 0x000001acfc98fe30
Event: 14.205 Thread 0x000001acfa20def0 Thread added: 0x000001acfc98dd60
Event: 14.271 Thread 0x000001acfa20def0 Thread added: 0x000001acfc991f00
Event: 15.285 Thread 0x000001acfa20def0 Thread added: 0x000001acfc990b50
Event: 17.652 Thread 0x000001acfa20def0 Thread added: 0x000001acfc9932b0
Event: 17.652 Thread 0x000001acfa20def0 Thread added: 0x000001acfc993940
Event: 17.654 Thread 0x000001acfa20def0 Thread added: 0x000001acfc993fd0
Event: 17.750 Thread 0x000001acfa20def0 Thread added: 0x000001acfc994660
Event: 17.752 Thread 0x000001acfa20def0 Thread added: 0x000001acfc994cf0
Event: 17.753 Thread 0x000001acfa20def0 Thread added: 0x000001acfc995380
Event: 18.442 Thread 0x000001acfa20def0 Thread added: 0x000001acfc3c5080
Event: 18.443 Thread 0x000001acfa20def0 Thread added: 0x000001acfc3c7e70
Event: 18.444 Thread 0x000001acfa20def0 Thread added: 0x000001acfc3c8b90


Dynamic libraries:
0x00007ff67b330000 - 0x00007ff67b33e000 	C:\Program Files\Eclipse Adoptium\jdk-21.0.11.10-hotspot\bin\java.exe
0x00007fff60460000 - 0x00007fff606c6000 	C:\WINDOWS\SYSTEM32\ntdll.dll
0x00007fff5eeb0000 - 0x00007fff5ef79000 	C:\WINDOWS\System32\KERNEL32.DLL
0x00007fff5d680000 - 0x00007fff5da7e000 	C:\WINDOWS\System32\KERNELBASE.dll
0x00007fff5de20000 - 0x00007fff5df6c000 	C:\WINDOWS\System32\ucrtbase.dll
0x00007fff472b0000 - 0x00007fff472c8000 	C:\Program Files\Eclipse Adoptium\jdk-21.0.11.10-hotspot\bin\jli.dll
0x00007fff432c0000 - 0x00007fff432de000 	C:\Program Files\Eclipse Adoptium\jdk-21.0.11.10-hotspot\bin\VCRUNTIME140.dll
0x00007fff5e880000 - 0x00007fff5ea47000 	C:\WINDOWS\System32\USER32.dll
0x00007fff49b00000 - 0x00007fff49d92000 	C:\WINDOWS\WinSxS\amd64_microsoft.windows.common-controls_6595b64144ccf1df_6.0.26100.8894_none_3e0f749ee32e02ea\COMCTL32.dll
0x00007fff5dd40000 - 0x00007fff5dd67000 	C:\WINDOWS\System32\win32u.dll
0x00007fff5f080000 - 0x00007fff5f129000 	C:\WINDOWS\System32\msvcrt.dll
0x00007fff5ebc0000 - 0x00007fff5ebeb000 	C:\WINDOWS\System32\GDI32.dll
0x00007fff5da90000 - 0x00007fff5dbba000 	C:\WINDOWS\System32\gdi32full.dll
0x00007fff5dd70000 - 0x00007fff5de13000 	C:\WINDOWS\System32\msvcp_win.dll
0x00007fff5fc90000 - 0x00007fff5fcc2000 	C:\WINDOWS\System32\IMM32.DLL
0x00007fff4edf0000 - 0x00007fff4edfc000 	C:\Program Files\Eclipse Adoptium\jdk-21.0.11.10-hotspot\bin\vcruntime140_1.dll
0x00007fff17e80000 - 0x00007fff17f0d000 	C:\Program Files\Eclipse Adoptium\jdk-21.0.11.10-hotspot\bin\msvcp140.dll
0x00007fff05bb0000 - 0x00007fff06952000 	C:\Program Files\Eclipse Adoptium\jdk-21.0.11.10-hotspot\bin\server\jvm.dll
0x00007fff5f150000 - 0x00007fff5f207000 	C:\WINDOWS\System32\ADVAPI32.dll
0x00007fff60310000 - 0x00007fff603ba000 	C:\WINDOWS\System32\sechost.dll
0x00007fff60160000 - 0x00007fff60278000 	C:\WINDOWS\System32\RPCRT4.dll
0x00007fff5f460000 - 0x00007fff5f4e0000 	C:\WINDOWS\System32\WS2_32.dll
0x00007fff5d4e0000 - 0x00007fff5d53e000 	C:\WINDOWS\SYSTEM32\POWRPROF.dll
0x00007fff4ad60000 - 0x00007fff4ad6b000 	C:\WINDOWS\SYSTEM32\VERSION.dll
0x00007fff54640000 - 0x00007fff54676000 	C:\WINDOWS\SYSTEM32\WINMM.dll
0x00007fff5d4c0000 - 0x00007fff5d4d4000 	C:\WINDOWS\SYSTEM32\UMPDC.dll
0x00007fff5c360000 - 0x00007fff5c37b000 	C:\WINDOWS\SYSTEM32\kernel.appcore.dll
0x00007fff4d130000 - 0x00007fff4d13a000 	C:\Program Files\Eclipse Adoptium\jdk-21.0.11.10-hotspot\bin\jimage.dll
0x00007fff53a80000 - 0x00007fff53cc2000 	C:\WINDOWS\SYSTEM32\DBGHELP.DLL
0x00007fff5fcd0000 - 0x00007fff60053000 	C:\WINDOWS\System32\combase.dll
0x00007fff5edd0000 - 0x00007fff5eea9000 	C:\WINDOWS\System32\OLEAUT32.dll
0x00007fff41890000 - 0x00007fff418cb000 	C:\WINDOWS\SYSTEM32\dbgcore.DLL
0x00007fff5dbc0000 - 0x00007fff5dc6c000 	C:\WINDOWS\System32\bcryptPrimitives.dll
0x00007fff3ed30000 - 0x00007fff3ed3f000 	C:\Program Files\Eclipse Adoptium\jdk-21.0.11.10-hotspot\bin\instrument.dll
0x00007fff41b00000 - 0x00007fff41b20000 	C:\Program Files\Eclipse Adoptium\jdk-21.0.11.10-hotspot\bin\java.dll
0x00007fff5f4f0000 - 0x00007fff5fc82000 	C:\WINDOWS\System32\SHELL32.dll
0x00007fff5b120000 - 0x00007fff5b9b2000 	C:\WINDOWS\SYSTEM32\windows.storage.dll
0x00007fff5e6a0000 - 0x00007fff5e797000 	C:\WINDOWS\System32\SHCORE.dll
0x00007fff5ef80000 - 0x00007fff5efe7000 	C:\WINDOWS\System32\shlwapi.dll
0x00007fff5d5a0000 - 0x00007fff5d5c9000 	C:\WINDOWS\SYSTEM32\profapi.dll
0x00007fff17da0000 - 0x00007fff17e77000 	C:\Program Files\Eclipse Adoptium\jdk-21.0.11.10-hotspot\bin\jsvml.dll
0x00007fff33aa0000 - 0x00007fff33ab8000 	C:\Program Files\Eclipse Adoptium\jdk-21.0.11.10-hotspot\bin\zip.dll
0x00007fff43260000 - 0x00007fff43270000 	C:\Program Files\Eclipse Adoptium\jdk-21.0.11.10-hotspot\bin\net.dll
0x00007fff513a0000 - 0x00007fff514c7000 	C:\WINDOWS\SYSTEM32\WINHTTP.dll
0x00007fff5c910000 - 0x00007fff5c97c000 	C:\WINDOWS\system32\mswsock.dll
0x00007fff375a0000 - 0x00007fff375b6000 	C:\Program Files\Eclipse Adoptium\jdk-21.0.11.10-hotspot\bin\nio.dll
0x00007fff40e60000 - 0x00007fff40e70000 	C:\Program Files\Eclipse Adoptium\jdk-21.0.11.10-hotspot\bin\verify.dll
0x00007fff332e0000 - 0x00007fff33307000 	C:\Users\User\.gradle\native\660c5614fbf4a5f2a75b1949f50a0caf5cd603558e7d8a26e50b933a0cfb79d1\windows-amd64\native-platform.dll
0x00007fff17fe0000 - 0x00007fff18057000 	C:\Users\User\.gradle\native\0.2.8\x86_64-windows-gnu\gradle-fileevents.dll
0x00007fff42ad0000 - 0x00007fff42ada000 	C:\Program Files\Eclipse Adoptium\jdk-21.0.11.10-hotspot\bin\management.dll
0x00007fff41ab0000 - 0x00007fff41abc000 	C:\Program Files\Eclipse Adoptium\jdk-21.0.11.10-hotspot\bin\management_ext.dll
0x00007fff5e7a0000 - 0x00007fff5e7a8000 	C:\WINDOWS\System32\PSAPI.DLL
0x00007fff5bd10000 - 0x00007fff5bd43000 	C:\WINDOWS\SYSTEM32\IPHLPAPI.DLL
0x00007fff5f3d0000 - 0x00007fff5f3da000 	C:\WINDOWS\System32\NSI.dll
0x00007fff41480000 - 0x00007fff41489000 	C:\Program Files\Eclipse Adoptium\jdk-21.0.11.10-hotspot\bin\extnet.dll
0x00007fff5cc10000 - 0x00007fff5cc2b000 	C:\WINDOWS\SYSTEM32\CRYPTSP.dll
0x00007fff5c2c0000 - 0x00007fff5c2f9000 	C:\WINDOWS\system32\rsaenh.dll
0x00007fff5c9d0000 - 0x00007fff5ca02000 	C:\WINDOWS\SYSTEM32\USERENV.dll
0x00007fff5d570000 - 0x00007fff5d59a000 	C:\WINDOWS\SYSTEM32\bcrypt.dll
0x00007fff5cc30000 - 0x00007fff5cc3c000 	C:\WINDOWS\SYSTEM32\CRYPTBASE.dll
0x00007fff3e920000 - 0x00007fff3e92e000 	C:\Program Files\Eclipse Adoptium\jdk-21.0.11.10-hotspot\bin\sunmscapi.dll
0x00007fff5df80000 - 0x00007fff5e0f8000 	C:\WINDOWS\System32\CRYPT32.dll
0x00007fff5ce50000 - 0x00007fff5ce80000 	C:\WINDOWS\SYSTEM32\ncrypt.dll
0x00007fff5ce00000 - 0x00007fff5ce3f000 	C:\WINDOWS\SYSTEM32\NTASN1.dll
0x00007fff37aa0000 - 0x00007fff37aa8000 	C:\WINDOWS\system32\wshunix.dll

JVMTI agents:
C:\Users\User\.gradle\wrapper\dists\gradle-9.3.1-bin\23ovyewtku6u96viwx3xl3oks\gradle-9.3.1\lib\agents\gradle-instrumentation-agent-9.3.1.jar path:C:\Program Files\Eclipse Adoptium\jdk-21.0.11.10-hotspot\bin\instrument.dll, loaded, initialized, instrumentlib options:none

dbghelp: loaded successfully - version: 4.0.5 - missing functions: none
symbol engine: initialized successfully - sym options: 0x614 - pdb path: .;C:\Program Files\Eclipse Adoptium\jdk-21.0.11.10-hotspot\bin;C:\WINDOWS\SYSTEM32;C:\WINDOWS\WinSxS\amd64_microsoft.windows.common-controls_6595b64144ccf1df_6.0.26100.8894_none_3e0f749ee32e02ea;C:\Program Files\Eclipse Adoptium\jdk-21.0.11.10-hotspot\bin\server;C:\Users\User\.gradle\native\660c5614fbf4a5f2a75b1949f50a0caf5cd603558e7d8a26e50b933a0cfb79d1\windows-amd64;C:\Users\User\.gradle\native\0.2.8\x86_64-windows-gnu

VM Arguments:
jvm_args: --add-opens=java.base/java.lang=ALL-UNNAMED --add-opens=java.base/java.lang.invoke=ALL-UNNAMED --add-opens=java.base/java.util=ALL-UNNAMED --add-opens=java.prefs/java.util.prefs=ALL-UNNAMED --add-exports=jdk.compiler/com.sun.tools.javac.api=ALL-UNNAMED --add-exports=jdk.compiler/com.sun.tools.javac.util=ALL-UNNAMED --add-opens=java.base/java.util=ALL-UNNAMED --add-opens=java.prefs/java.util.prefs=ALL-UNNAMED --add-opens=java.base/java.nio.charset=ALL-UNNAMED --add-opens=java.base/java.net=ALL-UNNAMED --add-opens=java.base/java.util.concurrent=ALL-UNNAMED --add-opens=java.base/java.util.concurrent.atomic=ALL-UNNAMED --add-opens=java.xml/javax.xml.namespace=ALL-UNNAMED --add-opens=java.base/java.time=ALL-UNNAMED -Xmx1536m -Dfile.encoding=UTF-8 -Duser.country=US -Duser.language=en -Duser.variant -javaagent:C:\Users\User\.gradle\wrapper\dists\gradle-9.3.1-bin\23ovyewtku6u96viwx3xl3oks\gradle-9.3.1\lib\agents\gradle-instrumentation-agent-9.3.1.jar 
java_command: org.gradle.launcher.daemon.bootstrap.GradleDaemon 9.3.1
java_class_path (initial): C:\Users\User\.gradle\wrapper\dists\gradle-9.3.1-bin\23ovyewtku6u96viwx3xl3oks\gradle-9.3.1\lib\gradle-daemon-main-9.3.1.jar
Launcher Type: SUN_STANDARD

[Global flags]
     intx CICompilerCount                          = 4                                         {product} {ergonomic}
     uint ConcGCThreads                            = 2                                         {product} {ergonomic}
     uint G1ConcRefinementThreads                  = 8                                         {product} {ergonomic}
   size_t G1HeapRegionSize                         = 1048576                                   {product} {ergonomic}
    uintx GCDrainStackTargetSize                   = 64                                        {product} {ergonomic}
   size_t InitialHeapSize                          = 123731968                                 {product} {ergonomic}
   size_t MarkStackSize                            = 4194304                                   {product} {ergonomic}
   size_t MaxHeapSize                              = 1610612736                                {product} {command line}
   size_t MaxNewSize                               = 965738496                                 {product} {ergonomic}
   size_t MinHeapDeltaBytes                        = 1048576                                   {product} {ergonomic}
   size_t MinHeapSize                              = 8388608                                   {product} {ergonomic}
    uintx NonNMethodCodeHeapSize                   = 5839372                                {pd product} {ergonomic}
    uintx NonProfiledCodeHeapSize                  = 122909434                              {pd product} {ergonomic}
    uintx ProfiledCodeHeapSize                     = 122909434                              {pd product} {ergonomic}
    uintx ReservedCodeCacheSize                    = 251658240                              {pd product} {ergonomic}
     bool SegmentedCodeCache                       = true                                      {product} {ergonomic}
   size_t SoftMaxHeapSize                          = 1610612736                             {manageable} {ergonomic}
     bool UseCompressedOops                        = true                           {product lp64_product} {ergonomic}
     bool UseG1GC                                  = true                                      {product} {ergonomic}
     bool UseLargePagesIndividualAllocation        = false                                  {pd product} {ergonomic}

Logging:
Log output configuration:
 #0: stdout all=warning uptime,level,tags foldmultilines=false
 #1: stderr all=off uptime,level,tags foldmultilines=false

Release file:
IMPLEMENTOR="Eclipse Adoptium" 
IMPLEMENTOR_VERSION="Temurin-21.0.11+10" 
JAVA_RUNTIME_VERSION="21.0.11+10-LTS" 
JAVA_VERSION="21.0.11" 
JAVA_VERSION_DATE="2026-04-21" 
LIBC="default" 
MODULES="java.base java.compiler java.datatransfer java.xml java.prefs java.desktop java.instrument java.logging java.management java.security.sasl java.naming java.rmi java.management.rmi java.net.http java.scripting java.security.jgss java.transaction.xa java.sql java.sql.rowset java.xml.crypto java.se java.smartcardio jdk.accessibility jdk.internal.jvmstat jdk.attach jdk.charsets jdk.internal.opt jdk.zipfs jdk.compiler jdk.crypto.ec jdk.crypto.cryptoki jdk.crypto.mscapi jdk.dynalink jdk.internal.ed jdk.editpad jdk.hotspot.agent jdk.httpserver jdk.incubator.vector jdk.internal.le jdk.internal.vm.ci jdk.internal.vm.compiler jdk.internal.vm.compiler.management jdk.jartool jdk.javadoc jdk.jcmd jdk.management jdk.management.agent jdk.jconsole jdk.jdeps jdk.jdwp.agent jdk.jdi jdk.jfr jdk.jlink jdk.jpackage jdk.jshell jdk.jsobject jdk.jstatd jdk.localedata jdk.management.jfr jdk.naming.dns jdk.naming.rmi jdk.net jdk.nio.mapmode jdk.random jdk.sctp jdk.security.auth jdk.security.jgss jdk.unsupported jdk.unsupported.desktop jdk.xml.dom" 
OS_ARCH="x86_64" 
OS_NAME="Windows" 
SOURCE=".:git:254494ad7d75" 
BUILD_SOURCE="git:a612825ee82a20ac872d60958c349854c1f29a8e"
BUILD_SOURCE_REPO="https://github.com/adoptium/temurin-build.git"
SOURCE_REPO="https://github.com/adoptium/jdk21u.git"
FULL_VERSION="21.0.11+10-LTS"
SEMANTIC_VERSION="21.0.11+10"
BUILD_INFO="OS: Windows Server 2022 Version: 10.0"
JVM_VARIANT="Hotspot"
JVM_VERSION="21.0.11+10-LTS"
IMAGE_TYPE="JDK"

Environment Variables:
JAVA_HOME=C:\Program Files\Eclipse Adoptium\jdk-21.0.11.10-hotspot
PATH=C:\Users\User\bin;C:\Program Files\Git\mingw64\bin;C:\Program Files\Git\usr\local\bin;C:\Program Files\Git\usr\bin;C:\Program Files\Git\usr\bin;C:\Program Files\Git\mingw64\bin;C:\Program Files\Git\usr\bin;C:\Users\User\bin;C:\Program Files\Eclipse Adoptium\jdk-21.0.11.10-hotspot\bin;C:\Program Files\Microsoft\jdk-17.0.15.6-hotspot\bin;C:\Program Files (x86)\Common Files\Oracle\Java\javapath;C:\Program Files\Common Files\Oracle\Java\javapath;C:\WINDOWS\system32;C:\WINDOWS;C:\WINDOWS\System32\Wbem;C:\WINDOWS\System32\WindowsPowerShell\v1.0;C:\WINDOWS\System32\OpenSSH;C:\MinGW\bin;C:\Program Files\Git\cmd;C:\Program Files\MySQL\MySQL Server 8.0\bin;C:\Program Files (x86)\Microsoft SQL Server\100\Tools\Binn\VSShell\Common7\IDE;C:\Program Files (x86)\Microsoft SQL Server\100\Tools\Binn;C:\Program Files\Microsoft SQL Server\100\Tools\Binn;C:\Program Files (x86)\Microsoft SQL Server\100\DTS\Binn;C:\Program Files\Microsoft SQL Server\100\DTS\Binn;C:\laragon\bin\php\php-8.4.6-Win32-vs17-x64;C:\ProgramData\ComposerSetup\bin;C:\Users\User\AppData\Local\Programs\cursor\resources\app\bin;C:\ProgramData\chocolatey\bin;C:\Program Files\nodejs;C:\Users\User\AppData\Local\Android\Sdk\platform-tools;C:\Program Files\Cloudflare\Cloudflare WARP;C:\Program Files\Go\bin;C:\Users\User\AppData\Local\Programs\Python\Python312\Scripts;C:\Users\User\AppData\Local\Programs\Python\Python312;C:\laragon\bin;C:\laragon\bin\apache\httpd-2.4.63-250207-win64-VS17\bin;C:\laragon\bin\composer;C:\laragon\bin\git\bin;C:\laragon\bin\git\cmd;C:\laragon\bin\git\mingw64\bin;C:\laragon\bin\git\usr\bin;C:\laragon\bin\laragon\utils;C:\laragon\bin\mysql\mysql-8.0.30-winx64\bin;C:\laragon\bin\nginx\nginx-1.22.0;C:\laragon\bin\ngrok;C:\laragon\bin\nodejs\node-v22.14.0-win-x64;C:\laragon\bin\notepad++;C:\laragon\bin\php\php-8.3.21-Win32-vs16-x64;C:\laragon\bin\python\python-3.10;C:\laragon\bin\python\python-3.10\Scripts;C:\laragon\bin\redis\redis-x64-5.0.14.1;C:\laragon\bin\telnet;C:\laragon\usr\bin;C:\Users\User\AppData\Local\Yarn\config\global\node_modules\.bin;C:\Users\User\AppData\Roaming\Composer\vendor\bin;C:\Users\User\.local\bin;C:\Program Files\MySQL\MySQL Shell 8.0\bin;C:\Users\User\AppData\Local\Microsoft\WindowsApps;C:\Users\User\AppData\Local\ComposerSetup\bin;C:\Users\User\AppData\Local\Programs\cursor\resources\app\bin;C:\Users\User\AppData\Roaming\npm;C:\Users\User\go\bin;C:\Users\User\AppData\Local\Programs\Zed\bin;C:\Users\User\AppData\Local\Programs\Microsoft VS Code\bin;C:\Users\User\AppData\Local\Google\Cloud SDK\google-cloud-sdk\bin;C:\Users\User\AppData\Local\Microsoft\WinGet\Packages\astral-sh.uv_Microsoft.Winget.Source_8wekyb3d8bbwe;C:\Users\User\AppData\Local\Programs\Antigravity\bin;C:\Users\User\AppData\Local\Programs\Python\Python312;C:\Program Files\nodejs;C:\Program Files\Python313;C:\Program Files\Git\mingw64\bin;C:\Program Files\Git\usr\bin\vendor_perl;C:\Program Files\Git\usr\bin\core_perl
USERNAME=User
SHELL=C:\Program Files\Git\usr\bin\bash.exe
DISPLAY=needs-to-be-defined
LANG=en_US.UTF-8
TERM=xterm-256color
TMPDIR=C:\Users\User\AppData\Local\Temp
OS=Windows_NT
PROCESSOR_IDENTIFIER=AMD64 Family 23 Model 160 Stepping 0, AuthenticAMD
TMP=C:\Users\User\AppData\Local\Temp
TEMP=C:\Users\User\AppData\Local\Temp




Periodic native trim disabled

---------------  S Y S T E M  ---------------

OS:
 Windows 11 , 64 bit Build 26100 (10.0.26100.8875)
OS uptime: 0 days 16:31 hours
Hyper-V role detected

CPU: total 8 (initial active 8) (8 cores per cpu, 2 threads per core) family 23 model 160 stepping 0 microcode 0x8a00006, cx8, cmov, fxsr, ht, mmx, 3dnowpref, sse, sse2, sse3, ssse3, sse4a, sse4.1, sse4.2, popcnt, lzcnt, tsc, tscinvbit, avx, avx2, aes, clmul, bmi1, bmi2, adx, sha, fma, vzeroupper, clflush, clflushopt, hv, rdtscp, rdpid, f16c
Processor Information for the first 8 processors :
  Max Mhz: 2401, Current Mhz: 2401, Mhz Limit: 2401

Memory: 4k page, system-wide physical 7455M (172M free)
TotalPageFile size 16671M (AvailPageFile size 7M)
current process WorkingSet (physical memory assigned to process): 289M, peak: 289M
current process commit charge ("private bytes"): 330M, peak: 331M

vm_info: OpenJDK 64-Bit Server VM (21.0.11+10-LTS) for windows-amd64 JRE (21.0.11+10-LTS), built on 2026-04-21T00:00:00Z by "admin" with MS VC++ 17.12 (VS2022)

END.
