#
# There is insufficient memory for the Java Runtime Environment to continue.
# Native memory allocation (mmap) failed to map 27262976 bytes. Error detail: G1 virtual space
# Possible reasons:
#   The system is out of physical RAM or swap space
#   This process is running with CompressedOops enabled, and the Java Heap may be blocking the growth of the native heap
# Possible solutions:
#   Reduce memory load on the system
#   Increase physical memory or swap space
#   Check if swap backing store is full
#   Decrease Java heap size (-Xmx/-Xms)
#   Decrease number of Java threads
#   Decrease Java thread stack sizes (-Xss)
#   Set larger code cache with -XX:ReservedCodeCacheSize=
#   JVM is running with Zero Based Compressed Oops mode in which the Java heap is
#     placed in the first 32GB address space. The Java Heap base address is the
#     maximum limit for the native heap growth. Please use -XX:HeapBaseMinAddress
#     to set the Java Heap base and to place the Java Heap above 32GB virtual address.
# This output file may be truncated or incomplete.
#
#  Out of Memory Error (os_windows.cpp:3714), pid=16228, tid=19168
#
# JRE version: OpenJDK Runtime Environment Temurin-21.0.11+10 (21.0.11+10) (build 21.0.11+10-LTS)
# Java VM: OpenJDK 64-Bit Server VM Temurin-21.0.11+10 (21.0.11+10-LTS, mixed mode, sharing, tiered, compressed oops, compressed class ptrs, g1 gc, windows-amd64)
# No core dump will be written. Minidumps are not enabled by default on client versions of Windows
#

---------------  S U M M A R Y ------------

Command Line: --add-opens=java.base/java.lang=ALL-UNNAMED --add-opens=java.base/java.lang.invoke=ALL-UNNAMED --add-opens=java.base/java.util=ALL-UNNAMED --add-opens=java.prefs/java.util.prefs=ALL-UNNAMED --add-exports=jdk.compiler/com.sun.tools.javac.api=ALL-UNNAMED --add-exports=jdk.compiler/com.sun.tools.javac.util=ALL-UNNAMED --add-opens=java.base/java.util=ALL-UNNAMED --add-opens=java.prefs/java.util.prefs=ALL-UNNAMED --add-opens=java.base/java.nio.charset=ALL-UNNAMED --add-opens=java.base/java.net=ALL-UNNAMED --add-opens=java.base/java.util.concurrent=ALL-UNNAMED --add-opens=java.base/java.util.concurrent.atomic=ALL-UNNAMED --add-opens=java.xml/javax.xml.namespace=ALL-UNNAMED --add-opens=java.base/java.time=ALL-UNNAMED -Xmx4g -Dfile.encoding=UTF-8 -Duser.country=US -Duser.language=en -Duser.variant -javaagent:C:\Users\User\.gradle\wrapper\dists\gradle-9.3.1-bin\23ovyewtku6u96viwx3xl3oks\gradle-9.3.1\lib\agents\gradle-instrumentation-agent-9.3.1.jar org.gradle.launcher.daemon.bootstrap.GradleDaemon 9.3.1

Host: AMD Ryzen 3 7320U with Radeon Graphics         , 8 cores, 7G,  Windows 11 , 64 bit Build 26100 (10.0.26100.8875)
Time: Tue Jul 21 20:33:41 2026 SE Asia Standard Time elapsed time: 27.367137 seconds (0d 0h 0m 27s)

---------------  T H R E A D  ---------------

Current thread (0x0000021863e2d1d0):  VMThread "VM Thread"          [id=19168, stack(0x00000080b9700000,0x00000080b9800000) (1024K)]

Stack: [0x00000080b9700000,0x00000080b9800000]
Native frames: (J=compiled Java code, j=interpreted, Vv=VM code, C=native code)
V  [jvm.dll+0x6d7e19]
V  [jvm.dll+0x8b5096]
V  [jvm.dll+0x8b764e]
V  [jvm.dll+0x8b7d33]
V  [jvm.dll+0x284596]
V  [jvm.dll+0x6d4735]
V  [jvm.dll+0x6c845a]
V  [jvm.dll+0x35ef08]
V  [jvm.dll+0x366b46]
V  [jvm.dll+0x3b7c2e]
V  [jvm.dll+0x3b7ed8]
V  [jvm.dll+0x33310c]
V  [jvm.dll+0x333197]
V  [jvm.dll+0x376f6c]
V  [jvm.dll+0x37570e]
V  [jvm.dll+0x332851]
V  [jvm.dll+0x374d7a]
V  [jvm.dll+0x8bda20]
V  [jvm.dll+0x8bed94]
V  [jvm.dll+0x8bf2c0]
V  [jvm.dll+0x8bf563]
V  [jvm.dll+0x85fb0d]
V  [jvm.dll+0x6d664d]
C  [ucrtbase.dll+0x2cd30]
C  [KERNEL32.DLL+0x2e957]
C  [ntdll.dll+0xaad6c]

VM_Operation (0x00000080baff4b70): G1CollectForAllocation, mode: safepoint, requested by thread 0x0000021869afc2c0


---------------  P R O C E S S  ---------------

Threads class SMR info:
_java_thread_list=0x000002186b0b83f0, length=47, elements={
0x00000218426d31e0, 0x0000021863e4aa60, 0x0000021863e4b4c0, 0x0000021863e4e0e0,
0x0000021863e4ecf0, 0x0000021863e4fa30, 0x0000021863e50770, 0x0000021863e517e0,
0x0000021863e54570, 0x000002186817de70, 0x000002186822c900, 0x00000218699b2180,
0x0000021869c04110, 0x0000021869b85e20, 0x0000021869c1b500, 0x0000021869ae2a90,
0x0000021869afe400, 0x0000021869afc2c0, 0x0000021869afcfe0, 0x0000021869afbc30,
0x0000021869afc950, 0x000002186a04b130, 0x000002186a04b7c0, 0x000002186a04a410,
0x000002186a04be50, 0x000002186a04aaa0, 0x000002186a04f2d0, 0x000002186a04cb70,
0x000002186a04f960, 0x000002186a04df20, 0x000002186a0513a0, 0x000002186a04fff0,
0x000002186a04e5b0, 0x000002186a04ec40, 0x000002186c97dda0, 0x000002186c97f7e0,
0x000002186c97e430, 0x000002186c97eac0, 0x000002186c980b90, 0x000002186c97f150,
0x000002186c97fe70, 0x000002186c980500, 0x000002186c97d710, 0x000002186900a6f0,
0x00000218690099d0, 0x0000021869008cb0, 0x0000021869009340
}

Java Threads: ( => current thread )
  0x00000218426d31e0 JavaThread "main"                              [_thread_blocked, id=11508, stack(0x00000080b9000000,0x00000080b9100000) (1024K)]
  0x0000021863e4aa60 JavaThread "Reference Handler"          daemon [_thread_blocked, id=12152, stack(0x00000080b9800000,0x00000080b9900000) (1024K)]
  0x0000021863e4b4c0 JavaThread "Finalizer"                  daemon [_thread_blocked, id=11356, stack(0x00000080b9900000,0x00000080b9a00000) (1024K)]
  0x0000021863e4e0e0 JavaThread "Signal Dispatcher"          daemon [_thread_blocked, id=8952, stack(0x00000080b9a00000,0x00000080b9b00000) (1024K)]
  0x0000021863e4ecf0 JavaThread "Attach Listener"            daemon [_thread_blocked, id=3332, stack(0x00000080b9b00000,0x00000080b9c00000) (1024K)]
  0x0000021863e4fa30 JavaThread "Service Thread"             daemon [_thread_blocked, id=10676, stack(0x00000080b9c00000,0x00000080b9d00000) (1024K)]
  0x0000021863e50770 JavaThread "Monitor Deflation Thread"   daemon [_thread_blocked, id=17924, stack(0x00000080b9d00000,0x00000080b9e00000) (1024K)]
  0x0000021863e517e0 JavaThread "C2 CompilerThread0"         daemon [_thread_blocked, id=5816, stack(0x00000080b9e00000,0x00000080b9f00000) (1024K)]
  0x0000021863e54570 JavaThread "C1 CompilerThread0"         daemon [_thread_blocked, id=6856, stack(0x00000080b9f00000,0x00000080ba000000) (1024K)]
  0x000002186817de70 JavaThread "Common-Cleaner"             daemon [_thread_blocked, id=20244, stack(0x00000080ba000000,0x00000080ba100000) (1024K)]
  0x000002186822c900 JavaThread "Notification Thread"        daemon [_thread_blocked, id=21260, stack(0x00000080ba100000,0x00000080ba200000) (1024K)]
  0x00000218699b2180 JavaThread "Daemon health stats"               [_thread_blocked, id=8592, stack(0x00000080ba600000,0x00000080ba700000) (1024K)]
  0x0000021869c04110 JavaThread "Incoming local TCP Connector on port 48954"        [_thread_in_native, id=15992, stack(0x00000080baa00000,0x00000080bab00000) (1024K)]
  0x0000021869b85e20 JavaThread "Daemon periodic checks"            [_thread_blocked, id=19384, stack(0x00000080bab00000,0x00000080bac00000) (1024K)]
  0x0000021869c1b500 JavaThread "Daemon"                            [_thread_blocked, id=17688, stack(0x00000080bac00000,0x00000080bad00000) (1024K)]
  0x0000021869ae2a90 JavaThread "Handler for socket connection from /127.0.0.1:48954 to /127.0.0.1:48955"        [_thread_in_native, id=7284, stack(0x00000080bad00000,0x00000080bae00000) (1024K)]
  0x0000021869afe400 JavaThread "Cancel handler"                    [_thread_blocked, id=19052, stack(0x00000080bae00000,0x00000080baf00000) (1024K)]
  0x0000021869afc2c0 JavaThread "Daemon worker"                     [_thread_blocked, id=17732, stack(0x00000080baf00000,0x00000080bb000000) (1024K)]
  0x0000021869afcfe0 JavaThread "Asynchronous log dispatcher for DefaultDaemonConnection: socket connection from /127.0.0.1:48954 to /127.0.0.1:48955"        [_thread_blocked, id=16588, stack(0x00000080bb000000,0x00000080bb100000) (1024K)]
  0x0000021869afbc30 JavaThread "Stdin handler"                     [_thread_blocked, id=6824, stack(0x00000080bb100000,0x00000080bb200000) (1024K)]
  0x0000021869afc950 JavaThread "Daemon client event forwarder"        [_thread_blocked, id=18168, stack(0x00000080bb200000,0x00000080bb300000) (1024K)]
  0x000002186a04b130 JavaThread "Cache worker for journal cache (C:\Users\User\.gradle\caches\journal-1)"        [_thread_blocked, id=10840, stack(0x00000080bb300000,0x00000080bb400000) (1024K)]
  0x000002186a04b7c0 JavaThread "File lock request listener"        [_thread_in_native, id=21376, stack(0x00000080bb400000,0x00000080bb500000) (1024K)]
  0x000002186a04a410 JavaThread "Cache worker for file hash cache (C:\Users\User\.gradle\caches\9.3.1\fileHashes)"        [_thread_blocked, id=11928, stack(0x00000080bb500000,0x00000080bb600000) (1024K)]
  0x000002186a04be50 JavaThread "Cache worker for file hash cache (C:\Users\User\AndroidStudioProjects\absensi-qrcode\.gradle\9.3.1\fileHashes)"        [_thread_blocked, id=16000, stack(0x00000080bb700000,0x00000080bb800000) (1024K)]
  0x000002186a04aaa0 JavaThread "Cache worker for checksums cache (C:\Users\User\AndroidStudioProjects\absensi-qrcode\.gradle\9.3.1\checksums)"        [_thread_blocked, id=3352, stack(0x00000080bb800000,0x00000080bb900000) (1024K)]
  0x000002186a04f2d0 JavaThread "Cache worker for Build Output Cleanup Cache (C:\Users\User\AndroidStudioProjects\absensi-qrcode\.gradle\buildOutputCleanup)"        [_thread_blocked, id=18444, stack(0x00000080bb900000,0x00000080bba00000) (1024K)]
  0x000002186a04cb70 JavaThread "Cache worker for file content cache (C:\Users\User\.gradle\caches\9.3.1\fileContent)"        [_thread_blocked, id=11456, stack(0x00000080bba00000,0x00000080bbb00000) (1024K)]
  0x000002186a04f960 JavaThread "File watcher server"        daemon [_thread_blocked, id=4272, stack(0x00000080bbb00000,0x00000080bbc00000) (1024K)]
  0x000002186a04df20 JavaThread "File watcher consumer"      daemon [_thread_blocked, id=9476, stack(0x00000080bbc00000,0x00000080bbd00000) (1024K)]
  0x000002186a0513a0 JavaThread "Cache worker for cache directory md-supplier (C:\Users\User\.gradle\caches\9.3.1\md-supplier)"        [_thread_blocked, id=5916, stack(0x00000080bbd00000,0x00000080bbe00000) (1024K)]
  0x000002186a04fff0 JavaThread "Cache worker for cache directory md-rule (C:\Users\User\.gradle\caches\9.3.1\md-rule)"        [_thread_blocked, id=13604, stack(0x00000080bbe00000,0x00000080bbf00000) (1024K)]
  0x000002186a04e5b0 JavaThread "Unconstrained build operations"        [_thread_blocked, id=18492, stack(0x00000080bbf00000,0x00000080bc000000) (1024K)]
  0x000002186a04ec40 JavaThread "Unconstrained build operations Thread 2"        [_thread_blocked, id=3576, stack(0x00000080bc000000,0x00000080bc100000) (1024K)]
  0x000002186c97dda0 JavaThread "Unconstrained build operations Thread 3"        [_thread_blocked, id=12772, stack(0x00000080bc100000,0x00000080bc200000) (1024K)]
  0x000002186c97f7e0 JavaThread "Configuration cache report writer"        [_thread_blocked, id=16056, stack(0x00000080bc200000,0x00000080bc300000) (1024K)]
  0x000002186c97e430 JavaThread "Unconstrained build operations Thread 4"        [_thread_blocked, id=4316, stack(0x00000080bc300000,0x00000080bc400000) (1024K)]
  0x000002186c97eac0 JavaThread "Unconstrained build operations Thread 5"        [_thread_blocked, id=12764, stack(0x00000080bc400000,0x00000080bc500000) (1024K)]
  0x000002186c980b90 JavaThread "Unconstrained build operations Thread 6"        [_thread_blocked, id=2740, stack(0x00000080bc500000,0x00000080bc600000) (1024K)]
  0x000002186c97f150 JavaThread "Unconstrained build operations Thread 7"        [_thread_blocked, id=6444, stack(0x00000080bc600000,0x00000080bc700000) (1024K)]
  0x000002186c97fe70 JavaThread "Unconstrained build operations Thread 8"        [_thread_blocked, id=2924, stack(0x00000080bc700000,0x00000080bc800000) (1024K)]
  0x000002186c980500 JavaThread "Unconstrained build operations Thread 9"        [_thread_blocked, id=9344, stack(0x00000080bc800000,0x00000080bc900000) (1024K)]
  0x000002186c97d710 JavaThread "Unconstrained build operations Thread 10"        [_thread_blocked, id=9844, stack(0x00000080bc900000,0x00000080bca00000) (1024K)]
  0x000002186900a6f0 JavaThread "Unconstrained build operations Thread 11"        [_thread_blocked, id=10808, stack(0x00000080bca00000,0x00000080bcb00000) (1024K)]
  0x00000218690099d0 JavaThread "Unconstrained build operations Thread 12"        [_thread_blocked, id=4204, stack(0x00000080bcb00000,0x00000080bcc00000) (1024K)]
  0x0000021869008cb0 JavaThread "Memory manager"                    [_thread_blocked, id=19936, stack(0x00000080bcc00000,0x00000080bcd00000) (1024K)]
  0x0000021869009340 JavaThread "build event listener"              [_thread_blocked, id=9324, stack(0x00000080bcd00000,0x00000080bce00000) (1024K)]
Total: 47

Other Threads:
=>0x0000021863e2d1d0 VMThread "VM Thread"                           [id=19168, stack(0x00000080b9700000,0x00000080b9800000) (1024K)]
  0x0000021863e1acc0 WatcherThread "VM Periodic Task Thread"        [id=2576, stack(0x00000080b9600000,0x00000080b9700000) (1024K)]
  0x0000021844a55060 WorkerThread "GC Thread#0"                     [id=9148, stack(0x00000080b9100000,0x00000080b9200000) (1024K)]
  0x00000218682f7720 WorkerThread "GC Thread#1"                     [id=19872, stack(0x00000080ba200000,0x00000080ba300000) (1024K)]
  0x00000218683d41c0 WorkerThread "GC Thread#2"                     [id=13848, stack(0x00000080ba300000,0x00000080ba400000) (1024K)]
  0x0000021868dcee30 WorkerThread "GC Thread#3"                     [id=6148, stack(0x00000080ba400000,0x00000080ba500000) (1024K)]
  0x0000021868dc49e0 WorkerThread "GC Thread#4"                     [id=18752, stack(0x00000080ba500000,0x00000080ba600000) (1024K)]
  0x0000021868e6a3d0 WorkerThread "GC Thread#5"                     [id=12100, stack(0x00000080ba700000,0x00000080ba800000) (1024K)]
  0x0000021869b15530 WorkerThread "GC Thread#6"                     [id=13064, stack(0x00000080ba800000,0x00000080ba900000) (1024K)]
  0x0000021869b158e0 WorkerThread "GC Thread#7"                     [id=11248, stack(0x00000080ba900000,0x00000080baa00000) (1024K)]
  0x0000021844a66f70 ConcurrentGCThread "G1 Main Marker"            [id=19784, stack(0x00000080b9200000,0x00000080b9300000) (1024K)]
  0x0000021844a68810 WorkerThread "G1 Conc#0"                       [id=8896, stack(0x00000080b9300000,0x00000080b9400000) (1024K)]
  0x000002186a1e0220 WorkerThread "G1 Conc#1"                       [id=344, stack(0x00000080bb600000,0x00000080bb700000) (1024K)]
  0x0000021863ce5780 ConcurrentGCThread "G1 Refine#0"               [id=3372, stack(0x00000080b9400000,0x00000080b9500000) (1024K)]
  0x0000021863ce6fd0 ConcurrentGCThread "G1 Service"                [id=19068, stack(0x00000080b9500000,0x00000080b9600000) (1024K)]
Total: 15

Threads with active compile tasks:
C2 CompilerThread0  27404 9936       4       org.gradle.internal.instantiation.generator.AbstractClassGenerator::inspectType (602 bytes)
C1 CompilerThread0  27405 10012       3       org.objectweb.asm.Frame::accept (264 bytes)
Total: 2

VM state: at safepoint (normal execution)

VM Mutex/Monitor currently owned by a thread:  ([mutex/lock_event])
[0x00007fff0686f570] Threads_lock - owner thread: 0x0000021863e2d1d0
[0x00007fff0686f670] Heap_lock - owner thread: 0x0000021869afc2c0

Heap address: 0x0000000700000000, size: 4096 MB, Compressed Oops mode: Zero based, Oop shift amount: 3

CDS archive(s) mapped at: [0x0000021800000000-0x0000021800c80000-0x0000021800c80000), size 13107200, SharedBaseAddress: 0x0000021800000000, ArchiveRelocationMode: 1.
Compressed class space mapped at: 0x0000021801000000-0x0000021841000000, reserved size: 1073741824
Narrow klass base: 0x0000021800000000, Narrow klass shift: 0, Narrow klass range: 0x100000000

GC Precious Log:
 CardTable entry size: 512
 Card Set container configuration: InlinePtr #cards 4 size 8 Array Of Cards #cards 16 size 48 Howl #buckets 8 coarsen threshold 3686 Howl Bitmap #cards 512 size 80 coarsen threshold 460 Card regions per heap region 1 cards per card region 4096
 CPUs: 8 total, 8 available
 Memory: 7455M
 Large Page Support: Disabled
 NUMA Support: Disabled
 Compressed Oops: Enabled (Zero based)
 Heap Region Size: 2M
 Heap Min Capacity: 8M
 Heap Initial Capacity: 118M
 Heap Max Capacity: 4G
 Pre-touch: Disabled
 Parallel Workers: 8
 Concurrent Workers: 2
 Concurrent Refinement Workers: 8
 Periodic GC: Disabled

Heap:
 garbage-first heap   total 126976K, used 78837K [0x0000000700000000, 0x0000000800000000)
  region size 2048K, 1 young (2048K), 1 survivors (2048K)
 Metaspace       used 77758K, committed 79936K, reserved 1179648K
  class space    used 10801K, committed 11840K, reserved 1048576K

Heap Regions: E=young(eden), S=young(survivor), O=old, HS=humongous(starts), HC=humongous(continues), CS=collection set, F=free, TAMS=top-at-mark-start, PB=parsable bottom
|   0|0x0000000700000000, 0x0000000700200000, 0x0000000700200000|100%|HS|  |TAMS 0x0000000700000000| PB 0x0000000700000000| Complete 
|   1|0x0000000700200000, 0x0000000700400000, 0x0000000700400000|100%|HC|  |TAMS 0x0000000700200000| PB 0x0000000700200000| Complete 
|   2|0x0000000700400000, 0x0000000700600000, 0x0000000700600000|100%| O|  |TAMS 0x0000000700400000| PB 0x0000000700400000| Untracked 
|   3|0x0000000700600000, 0x0000000700800000, 0x0000000700800000|100%| O|  |TAMS 0x0000000700600000| PB 0x0000000700600000| Untracked 
|   4|0x0000000700800000, 0x0000000700a00000, 0x0000000700a00000|100%| O|  |TAMS 0x0000000700800000| PB 0x0000000700800000| Untracked 
|   5|0x0000000700a00000, 0x0000000700c00000, 0x0000000700c00000|100%| O|  |TAMS 0x0000000700a00000| PB 0x0000000700a00000| Untracked 
|   6|0x0000000700c00000, 0x0000000700e00000, 0x0000000700e00000|100%| O|  |TAMS 0x0000000700c00000| PB 0x0000000700c00000| Untracked 
|   7|0x0000000700e00000, 0x0000000701000000, 0x0000000701000000|100%| O|  |TAMS 0x0000000700e00000| PB 0x0000000700e00000| Untracked 
|   8|0x0000000701000000, 0x0000000701200000, 0x0000000701200000|100%| O|  |TAMS 0x0000000701000000| PB 0x0000000701000000| Untracked 
|   9|0x0000000701200000, 0x0000000701400000, 0x0000000701400000|100%| O|  |TAMS 0x0000000701200000| PB 0x0000000701200000| Untracked 
|  10|0x0000000701400000, 0x0000000701600000, 0x0000000701600000|100%| O|  |TAMS 0x0000000701400000| PB 0x0000000701400000| Untracked 
|  11|0x0000000701600000, 0x0000000701800000, 0x0000000701800000|100%| O|  |TAMS 0x0000000701600000| PB 0x0000000701600000| Untracked 
|  12|0x0000000701800000, 0x0000000701a00000, 0x0000000701a00000|100%| O|  |TAMS 0x0000000701800000| PB 0x0000000701800000| Untracked 
|  13|0x0000000701a00000, 0x0000000701c00000, 0x0000000701c00000|100%| O|  |TAMS 0x0000000701a00000| PB 0x0000000701a00000| Untracked 
|  14|0x0000000701c00000, 0x0000000701e00000, 0x0000000701e00000|100%| O|  |TAMS 0x0000000701c00000| PB 0x0000000701c00000| Untracked 
|  15|0x0000000701e00000, 0x0000000702000000, 0x0000000702000000|100%| O|  |TAMS 0x0000000701e00000| PB 0x0000000701e00000| Untracked 
|  16|0x0000000702000000, 0x0000000702200000, 0x0000000702200000|100%| O|  |TAMS 0x0000000702000000| PB 0x0000000702000000| Untracked 
|  17|0x0000000702200000, 0x0000000702400000, 0x0000000702400000|100%| O|  |TAMS 0x0000000702200000| PB 0x0000000702200000| Untracked 
|  18|0x0000000702400000, 0x0000000702600000, 0x0000000702600000|100%| O|  |TAMS 0x0000000702400000| PB 0x0000000702400000| Untracked 
|  19|0x0000000702600000, 0x0000000702800000, 0x0000000702800000|100%| O|  |TAMS 0x0000000702600000| PB 0x0000000702600000| Untracked 
|  20|0x0000000702800000, 0x0000000702a00000, 0x0000000702a00000|100%| O|  |TAMS 0x0000000702800000| PB 0x0000000702800000| Untracked 
|  21|0x0000000702a00000, 0x0000000702c00000, 0x0000000702c00000|100%| O|  |TAMS 0x0000000702a00000| PB 0x0000000702a00000| Untracked 
|  22|0x0000000702c00000, 0x0000000702e00000, 0x0000000702e00000|100%|HS|  |TAMS 0x0000000702c00000| PB 0x0000000702c00000| Complete 
|  23|0x0000000702e00000, 0x0000000703000000, 0x0000000703000000|100%| O|  |TAMS 0x0000000702e00000| PB 0x0000000702e00000| Untracked 
|  24|0x0000000703000000, 0x0000000703200000, 0x0000000703200000|100%| O|  |TAMS 0x0000000703000000| PB 0x0000000703000000| Untracked 
|  25|0x0000000703200000, 0x0000000703400000, 0x0000000703400000|100%| O|  |TAMS 0x0000000703200000| PB 0x0000000703200000| Untracked 
|  26|0x0000000703400000, 0x0000000703600000, 0x0000000703600000|100%|HS|  |TAMS 0x0000000703400000| PB 0x0000000703400000| Complete 
|  27|0x0000000703600000, 0x0000000703800000, 0x0000000703800000|100%| O|  |TAMS 0x0000000703600000| PB 0x0000000703600000| Untracked 
|  28|0x0000000703800000, 0x0000000703a00000, 0x0000000703a00000|100%| O|  |TAMS 0x0000000703800000| PB 0x0000000703800000| Untracked 
|  29|0x0000000703a00000, 0x0000000703c00000, 0x0000000703c00000|100%| O|  |TAMS 0x0000000703a00000| PB 0x0000000703a00000| Untracked 
|  30|0x0000000703c00000, 0x0000000703e00000, 0x0000000703e00000|100%| O|  |TAMS 0x0000000703c00000| PB 0x0000000703c00000| Untracked 
|  31|0x0000000703e00000, 0x0000000704000000, 0x0000000704000000|100%| O|  |TAMS 0x0000000703e00000| PB 0x0000000703e00000| Untracked 
|  32|0x0000000704000000, 0x0000000704200000, 0x0000000704200000|100%| O|  |TAMS 0x0000000704000000| PB 0x0000000704000000| Untracked 
|  33|0x0000000704200000, 0x0000000704200000, 0x0000000704400000|  0%| F|  |TAMS 0x0000000704200000| PB 0x0000000704200000| Untracked 
|  34|0x0000000704400000, 0x0000000704600000, 0x0000000704600000|100%| O|  |TAMS 0x0000000704400000| PB 0x0000000704400000| Untracked 
|  35|0x0000000704600000, 0x0000000704800000, 0x0000000704800000|100%| O|  |TAMS 0x0000000704600000| PB 0x0000000704600000| Untracked 
|  36|0x0000000704800000, 0x0000000704a00000, 0x0000000704a00000|100%| O|  |TAMS 0x0000000704800000| PB 0x0000000704800000| Untracked 
|  37|0x0000000704a00000, 0x0000000704c00000, 0x0000000704c00000|100%| O|  |TAMS 0x0000000704a00000| PB 0x0000000704a00000| Untracked 
|  38|0x0000000704c00000, 0x0000000704d60d88, 0x0000000704e00000| 68%| O|  |TAMS 0x0000000704c00000| PB 0x0000000704c00000| Untracked 
|  39|0x0000000704e00000, 0x0000000704e00000, 0x0000000705000000|  0%| F|  |TAMS 0x0000000704e00000| PB 0x0000000704e00000| Untracked 
|  40|0x0000000705000000, 0x0000000705000000, 0x0000000705200000|  0%| F|  |TAMS 0x0000000705000000| PB 0x0000000705000000| Untracked 
|  41|0x0000000705200000, 0x000000070539c900, 0x0000000705400000| 80%| S|CS|TAMS 0x0000000705200000| PB 0x0000000705200000| Complete 
|  42|0x0000000705400000, 0x0000000705400000, 0x0000000705600000|  0%| F|  |TAMS 0x0000000705400000| PB 0x0000000705400000| Untracked 
|  43|0x0000000705600000, 0x0000000705600000, 0x0000000705800000|  0%| F|  |TAMS 0x0000000705600000| PB 0x0000000705600000| Untracked 
|  44|0x0000000705800000, 0x0000000705800000, 0x0000000705a00000|  0%| F|  |TAMS 0x0000000705800000| PB 0x0000000705800000| Untracked 
|  45|0x0000000705a00000, 0x0000000705a00000, 0x0000000705c00000|  0%| F|  |TAMS 0x0000000705a00000| PB 0x0000000705a00000| Untracked 
|  46|0x0000000705c00000, 0x0000000705c00000, 0x0000000705e00000|  0%| F|  |TAMS 0x0000000705c00000| PB 0x0000000705c00000| Untracked 
|  47|0x0000000705e00000, 0x0000000705e00000, 0x0000000706000000|  0%| F|  |TAMS 0x0000000705e00000| PB 0x0000000705e00000| Untracked 
|  48|0x0000000706000000, 0x0000000706000000, 0x0000000706200000|  0%| F|  |TAMS 0x0000000706000000| PB 0x0000000706000000| Untracked 
|  49|0x0000000706200000, 0x0000000706200000, 0x0000000706400000|  0%| F|  |TAMS 0x0000000706200000| PB 0x0000000706200000| Untracked 
|  50|0x0000000706400000, 0x0000000706400000, 0x0000000706600000|  0%| F|  |TAMS 0x0000000706400000| PB 0x0000000706400000| Untracked 
|  51|0x0000000706600000, 0x0000000706600000, 0x0000000706800000|  0%| F|  |TAMS 0x0000000706600000| PB 0x0000000706600000| Untracked 
|  52|0x0000000706800000, 0x0000000706800000, 0x0000000706a00000|  0%| F|  |TAMS 0x0000000706800000| PB 0x0000000706800000| Untracked 
|  53|0x0000000706a00000, 0x0000000706a00000, 0x0000000706c00000|  0%| F|  |TAMS 0x0000000706a00000| PB 0x0000000706a00000| Untracked 
|  54|0x0000000706c00000, 0x0000000706c00000, 0x0000000706e00000|  0%| F|  |TAMS 0x0000000706c00000| PB 0x0000000706c00000| Untracked 
|  55|0x0000000706e00000, 0x0000000706e00000, 0x0000000707000000|  0%| F|  |TAMS 0x0000000706e00000| PB 0x0000000706e00000| Untracked 
|  56|0x0000000707000000, 0x0000000707000000, 0x0000000707200000|  0%| F|  |TAMS 0x0000000707000000| PB 0x0000000707000000| Untracked 
|  57|0x0000000707200000, 0x0000000707200000, 0x0000000707400000|  0%| F|  |TAMS 0x0000000707200000| PB 0x0000000707200000| Untracked 
|  58|0x0000000707400000, 0x0000000707400000, 0x0000000707600000|  0%| F|  |TAMS 0x0000000707400000| PB 0x0000000707400000| Untracked 
|  59|0x0000000707600000, 0x0000000707600000, 0x0000000707800000|  0%| F|  |TAMS 0x0000000707600000| PB 0x0000000707600000| Untracked 
|  60|0x0000000707800000, 0x0000000707800000, 0x0000000707a00000|  0%| F|  |TAMS 0x0000000707800000| PB 0x0000000707800000| Untracked 
|  61|0x0000000707a00000, 0x0000000707a00000, 0x0000000707c00000|  0%| F|  |TAMS 0x0000000707a00000| PB 0x0000000707a00000| Untracked 

Card table byte_map: [0x000002185cc30000,0x000002185d430000] _byte_map_base: 0x0000021859430000

Marking Bits: (CMBitMap*) 0x0000021844a55680
 Bits: [0x000002185d430000, 0x0000021861430000)

Polling page: 0x0000021842670000

Metaspace:

Usage:
  Non-class:     65.39 MB used.
      Class:     10.55 MB used.
       Both:     75.94 MB used.

Virtual space:
  Non-class space:      128.00 MB reserved,      66.50 MB ( 52%) committed,  2 nodes.
      Class space:        1.00 GB reserved,      11.56 MB (  1%) committed,  1 nodes.
             Both:        1.12 GB reserved,      78.06 MB (  7%) committed. 

Chunk freelists:
   Non-Class:  12.98 MB
       Class:  4.28 MB
        Both:  17.27 MB

MaxMetaspaceSize: unlimited
CompressedClassSpaceSize: 1.00 GB
Initial GC threshold: 21.00 MB
Current GC threshold: 123.69 MB
CDS: on
 - commit_granule_bytes: 65536.
 - commit_granule_words: 8192.
 - virtual_space_node_default_size: 8388608.
 - enlarge_chunks_in_place: 1.
 - use_allocation_guard: 0.


Internal statistics:

num_allocs_failed_limit: 9.
num_arena_births: 3916.
num_arena_deaths: 0.
num_vsnodes_births: 3.
num_vsnodes_deaths: 0.
num_space_committed: 1249.
num_space_uncommitted: 0.
num_chunks_returned_to_freelist: 9.
num_chunks_taken_from_freelist: 7552.
num_chunk_merges: 6.
num_chunk_splits: 4924.
num_chunks_enlarged: 3095.
num_inconsistent_stats: 0.

CodeHeap 'non-profiled nmethods': size=120000Kb used=4444Kb max_used=4444Kb free=115555Kb
 bounds [0x0000021854bd0000, 0x0000021855030000, 0x000002185c100000]
CodeHeap 'profiled nmethods': size=120000Kb used=15449Kb max_used=15449Kb free=104550Kb
 bounds [0x000002184d100000, 0x000002184e020000, 0x0000021854630000]
CodeHeap 'non-nmethods': size=5760Kb used=1958Kb max_used=1995Kb free=3801Kb
 bounds [0x0000021854630000, 0x00000218548a0000, 0x0000021854bd0000]
CodeCache: size=245760Kb, used=21851Kb, max_used=21888Kb, free=223906Kb
 total_blobs=9284, nmethods=8461, adapters=727, full_count=0
Compilation: enabled, stopped_count=0, restarted_count=0

Compilation events (20 events):
Event: 25.320 Thread 0x0000021863e54570 nmethod 10000 0x000002184e011910 code [0x000002184e011bc0, 0x000002184e012708]
Event: 25.320 Thread 0x0000021863e54570 10002       3       org.objectweb.asm.commons.Method::getReturnType (8 bytes)
Event: 25.320 Thread 0x0000021863e54570 nmethod 10002 0x000002184e012b10 code [0x000002184e012ce0, 0x000002184e012fc8]
Event: 25.320 Thread 0x0000021863e54570 10001       3       kotlin.sequences.TransformingSequence::iterator (12 bytes)
Event: 25.321 Thread 0x0000021863e54570 nmethod 10001 0x000002184e013190 code [0x000002184e013360, 0x000002184e013738]
Event: 25.323 Thread 0x0000021863e54570 10003       3       kotlin.sequences.SequencesKt___SequencesKt::map (25 bytes)
Event: 25.324 Thread 0x0000021863e54570 nmethod 10003 0x000002184e013890 code [0x000002184e013c20, 0x000002184e0150d0]
Event: 25.324 Thread 0x0000021863e54570 10006       3       org.objectweb.asm.AnnotationWriter::putAnnotations (67 bytes)
Event: 25.325 Thread 0x0000021863e54570 nmethod 10006 0x000002184e015810 code [0x000002184e015a40, 0x000002184e015e18]
Event: 25.325 Thread 0x0000021863e54570 10007       3       org.objectweb.asm.SymbolTable$Entry::<init> (18 bytes)
Event: 25.325 Thread 0x0000021863e54570 nmethod 10007 0x000002184e016090 code [0x000002184e016240, 0x000002184e0163b8]
Event: 25.325 Thread 0x0000021863e54570 10004       3       org.objectweb.asm.commons.GeneratorAdapter::getField (11 bytes)
Event: 25.325 Thread 0x0000021863e54570 nmethod 10004 0x000002184e016490 code [0x000002184e016640, 0x000002184e016798]
Event: 25.325 Thread 0x0000021863e54570 10005       3       org.objectweb.asm.commons.GeneratorAdapter::<init> (36 bytes)
Event: 25.325 Thread 0x0000021863e54570 nmethod 10005 0x000002184e016890 code [0x000002184e016a60, 0x000002184e016d60]
Event: 25.327 Thread 0x0000021863e54570 10008       3       org.objectweb.asm.SymbolTable::addTypeInternal (85 bytes)
Event: 25.327 Thread 0x0000021863e54570 nmethod 10008 0x000002184e016f10 code [0x000002184e017100, 0x000002184e017738]
Event: 25.331 Thread 0x0000021863e54570 10009       3       java.util.AbstractCollection::toArray (70 bytes)
Event: 25.331 Thread 0x0000021863e54570 nmethod 10009 0x000002184e017910 code [0x000002184e017b60, 0x000002184e018518]
Event: 25.331 Thread 0x0000021863e54570 10012       3       org.objectweb.asm.Frame::accept (264 bytes)

GC Heap History (20 events):
Event: 16.585 GC heap after
{Heap after GC invocations=20 (full 0):
 garbage-first heap   total 92160K, used 50598K [0x0000000700000000, 0x0000000800000000)
  region size 2048K, 2 young (4096K), 2 survivors (4096K)
 Metaspace       used 60213K, committed 62272K, reserved 1114112K
  class space    used 8575K, committed 9600K, reserved 1048576K
}
Event: 17.373 GC heap before
{Heap before GC invocations=21 (full 0):
 garbage-first heap   total 92160K, used 81318K [0x0000000700000000, 0x0000000800000000)
  region size 2048K, 18 young (36864K), 2 survivors (4096K)
 Metaspace       used 60315K, committed 62336K, reserved 1114112K
  class space    used 8588K, committed 9600K, reserved 1048576K
}
Event: 17.381 GC heap after
{Heap after GC invocations=22 (full 0):
 garbage-first heap   total 92160K, used 52560K [0x0000000700000000, 0x0000000800000000)
  region size 2048K, 2 young (4096K), 2 survivors (4096K)
 Metaspace       used 60315K, committed 62336K, reserved 1114112K
  class space    used 8588K, committed 9600K, reserved 1048576K
}
Event: 17.731 GC heap before
{Heap before GC invocations=22 (full 0):
 garbage-first heap   total 92160K, used 60752K [0x0000000700000000, 0x0000000800000000)
  region size 2048K, 8 young (16384K), 2 survivors (4096K)
 Metaspace       used 60890K, committed 62912K, reserved 1114112K
  class space    used 8672K, committed 9664K, reserved 1048576K
}
Event: 17.737 GC heap after
{Heap after GC invocations=23 (full 0):
 garbage-first heap   total 92160K, used 56623K [0x0000000700000000, 0x0000000800000000)
  region size 2048K, 3 young (6144K), 3 survivors (6144K)
 Metaspace       used 60890K, committed 62912K, reserved 1114112K
  class space    used 8672K, committed 9664K, reserved 1048576K
}
Event: 19.818 GC heap before
{Heap before GC invocations=24 (full 0):
 garbage-first heap   total 100352K, used 83247K [0x0000000700000000, 0x0000000800000000)
  region size 2048K, 16 young (32768K), 3 survivors (6144K)
 Metaspace       used 61968K, committed 64000K, reserved 1114112K
  class space    used 8794K, committed 9792K, reserved 1048576K
}
Event: 19.823 GC heap after
{Heap after GC invocations=25 (full 0):
 garbage-first heap   total 100352K, used 67178K [0x0000000700000000, 0x0000000800000000)
  region size 2048K, 2 young (4096K), 2 survivors (4096K)
 Metaspace       used 61968K, committed 64000K, reserved 1114112K
  class space    used 8794K, committed 9792K, reserved 1048576K
}
Event: 20.238 GC heap before
{Heap before GC invocations=25 (full 0):
 garbage-first heap   total 100352K, used 87658K [0x0000000700000000, 0x0000000800000000)
  region size 2048K, 12 young (24576K), 2 survivors (4096K)
 Metaspace       used 63574K, committed 65600K, reserved 1114112K
  class space    used 8982K, committed 9984K, reserved 1048576K
}
Event: 20.242 GC heap after
{Heap after GC invocations=26 (full 0):
 garbage-first heap   total 100352K, used 68257K [0x0000000700000000, 0x0000000800000000)
  region size 2048K, 1 young (2048K), 1 survivors (2048K)
 Metaspace       used 63574K, committed 65600K, reserved 1114112K
  class space    used 8982K, committed 9984K, reserved 1048576K
}
Event: 20.612 GC heap before
{Heap before GC invocations=26 (full 0):
 garbage-first heap   total 100352K, used 86689K [0x0000000700000000, 0x0000000800000000)
  region size 2048K, 11 young (22528K), 1 survivors (2048K)
 Metaspace       used 65638K, committed 67648K, reserved 1114112K
  class space    used 9197K, committed 10176K, reserved 1048576K
}
Event: 20.615 GC heap after
{Heap after GC invocations=27 (full 0):
 garbage-first heap   total 100352K, used 68405K [0x0000000700000000, 0x0000000800000000)
  region size 2048K, 1 young (2048K), 1 survivors (2048K)
 Metaspace       used 65638K, committed 67648K, reserved 1114112K
  class space    used 9197K, committed 10176K, reserved 1048576K
}
Event: 21.048 GC heap before
{Heap before GC invocations=28 (full 0):
 garbage-first heap   total 116736K, used 90933K [0x0000000700000000, 0x0000000800000000)
  region size 2048K, 12 young (24576K), 1 survivors (2048K)
 Metaspace       used 67708K, committed 69760K, reserved 1114112K
  class space    used 9410K, committed 10432K, reserved 1048576K
}
Event: 21.053 GC heap after
{Heap after GC invocations=29 (full 0):
 garbage-first heap   total 116736K, used 69216K [0x0000000700000000, 0x0000000800000000)
  region size 2048K, 2 young (4096K), 2 survivors (4096K)
 Metaspace       used 67708K, committed 69760K, reserved 1114112K
  class space    used 9410K, committed 10432K, reserved 1048576K
}
Event: 21.734 GC heap before
{Heap before GC invocations=29 (full 0):
 garbage-first heap   total 116736K, used 101984K [0x0000000700000000, 0x0000000800000000)
  region size 2048K, 17 young (34816K), 2 survivors (4096K)
 Metaspace       used 70533K, committed 72640K, reserved 1114112K
  class space    used 9846K, committed 10880K, reserved 1048576K
}
Event: 21.738 GC heap after
{Heap after GC invocations=30 (full 0):
 garbage-first heap   total 116736K, used 71566K [0x0000000700000000, 0x0000000800000000)
  region size 2048K, 2 young (4096K), 2 survivors (4096K)
 Metaspace       used 70533K, committed 72640K, reserved 1114112K
  class space    used 9846K, committed 10880K, reserved 1048576K
}
Event: 24.170 GC heap before
{Heap before GC invocations=30 (full 0):
 garbage-first heap   total 116736K, used 102286K [0x0000000700000000, 0x0000000800000000)
  region size 2048K, 17 young (34816K), 2 survivors (4096K)
 Metaspace       used 73575K, committed 75776K, reserved 1114112K
  class space    used 10269K, committed 11328K, reserved 1048576K
}
Event: 24.176 GC heap after
{Heap after GC invocations=31 (full 0):
 garbage-first heap   total 116736K, used 73087K [0x0000000700000000, 0x0000000800000000)
  region size 2048K, 3 young (6144K), 3 survivors (6144K)
 Metaspace       used 73575K, committed 75776K, reserved 1114112K
  class space    used 10269K, committed 11328K, reserved 1048576K
}
Event: 24.701 GC heap before
{Heap before GC invocations=32 (full 0):
 garbage-first heap   total 126976K, used 101759K [0x0000000700000000, 0x0000000800000000)
  region size 2048K, 18 young (36864K), 3 survivors (6144K)
 Metaspace       used 75411K, committed 77568K, reserved 1179648K
  class space    used 10479K, committed 11520K, reserved 1048576K
}
Event: 24.709 GC heap after
{Heap after GC invocations=33 (full 0):
 garbage-first heap   total 126976K, used 77543K [0x0000000700000000, 0x0000000800000000)
  region size 2048K, 3 young (6144K), 3 survivors (6144K)
 Metaspace       used 75411K, committed 77568K, reserved 1179648K
  class space    used 10479K, committed 11520K, reserved 1048576K
}
Event: 25.332 GC heap before
{Heap before GC invocations=33 (full 0):
 garbage-first heap   total 126976K, used 112359K [0x0000000700000000, 0x0000000800000000)
  region size 2048K, 20 young (40960K), 3 survivors (6144K)
 Metaspace       used 77758K, committed 79936K, reserved 1179648K
  class space    used 10801K, committed 11840K, reserved 1048576K
}

Dll operation events (15 events):
Event: 0.031 Loaded shared library C:\Program Files\Eclipse Adoptium\jdk-21.0.11.10-hotspot\bin\java.dll
Event: 0.069 Loaded shared library C:\Program Files\Eclipse Adoptium\jdk-21.0.11.10-hotspot\bin\jsvml.dll
Event: 0.122 Loaded shared library C:\Program Files\Eclipse Adoptium\jdk-21.0.11.10-hotspot\bin\zip.dll
Event: 0.130 Loaded shared library C:\Program Files\Eclipse Adoptium\jdk-21.0.11.10-hotspot\bin\instrument.dll
Event: 0.137 Loaded shared library C:\Program Files\Eclipse Adoptium\jdk-21.0.11.10-hotspot\bin\net.dll
Event: 0.139 Loaded shared library C:\Program Files\Eclipse Adoptium\jdk-21.0.11.10-hotspot\bin\nio.dll
Event: 0.143 Loaded shared library C:\Program Files\Eclipse Adoptium\jdk-21.0.11.10-hotspot\bin\zip.dll
Event: 0.597 Loaded shared library C:\Program Files\Eclipse Adoptium\jdk-21.0.11.10-hotspot\bin\jimage.dll
Event: 0.998 Loaded shared library C:\Program Files\Eclipse Adoptium\jdk-21.0.11.10-hotspot\bin\verify.dll
Event: 1.044 Loaded shared library C:\Users\User\.gradle\native\660c5614fbf4a5f2a75b1949f50a0caf5cd603558e7d8a26e50b933a0cfb79d1\windows-amd64\native-platform.dll
Event: 1.595 Loaded shared library C:\Users\User\.gradle\native\0.2.8\x86_64-windows-gnu\gradle-fileevents.dll
Event: 3.605 Loaded shared library C:\Program Files\Eclipse Adoptium\jdk-21.0.11.10-hotspot\bin\management.dll
Event: 3.608 Loaded shared library C:\Program Files\Eclipse Adoptium\jdk-21.0.11.10-hotspot\bin\management_ext.dll
Event: 3.805 Loaded shared library C:\Program Files\Eclipse Adoptium\jdk-21.0.11.10-hotspot\bin\extnet.dll
Event: 4.122 Loaded shared library C:\Program Files\Eclipse Adoptium\jdk-21.0.11.10-hotspot\bin\sunmscapi.dll

Deoptimization events (20 events):
Event: 24.917 Thread 0x0000021869afc2c0 Uncommon trap: trap_request=0xffffff45 fr.pc=0x0000021855009b00 relative=0x00000000000004c0
Event: 24.917 Thread 0x0000021869afc2c0 Uncommon trap: reason=unstable_if action=reinterpret pc=0x0000021855009b00 method=sun.reflect.annotation.AnnotationInvocationHandler.invoke(Ljava/lang/Object;Ljava/lang/reflect/Method;[Ljava/lang/Object;)Ljava/lang/Object; @ 15 c2
Event: 24.917 Thread 0x0000021869afc2c0 DEOPT PACKING pc=0x0000021855009b00 sp=0x00000080baff60a0
Event: 24.917 Thread 0x0000021869afc2c0 DEOPT UNPACKING pc=0x0000021854684422 sp=0x00000080baff6038 mode 2
Event: 24.951 Thread 0x0000021869afc2c0 Uncommon trap: trap_request=0xffffffc6 fr.pc=0x0000021854f4d048 relative=0x0000000000000068
Event: 24.951 Thread 0x0000021869afc2c0 Uncommon trap: reason=bimorphic_or_optimized_type_check action=maybe_recompile pc=0x0000021854f4d048 method=java.util.AbstractQueue.add(Ljava/lang/Object;)Z @ 2 c2
Event: 24.951 Thread 0x0000021869afc2c0 DEOPT PACKING pc=0x0000021854f4d048 sp=0x00000080baff64e0
Event: 24.951 Thread 0x0000021869afc2c0 DEOPT UNPACKING pc=0x0000021854684422 sp=0x00000080baff64a8 mode 2
Event: 24.951 Thread 0x0000021869afc2c0 Uncommon trap: trap_request=0xffffffc6 fr.pc=0x0000021854f4d048 relative=0x0000000000000068
Event: 24.951 Thread 0x0000021869afc2c0 Uncommon trap: reason=bimorphic_or_optimized_type_check action=maybe_recompile pc=0x0000021854f4d048 method=java.util.AbstractQueue.add(Ljava/lang/Object;)Z @ 2 c2
Event: 24.951 Thread 0x0000021869afc2c0 DEOPT PACKING pc=0x0000021854f4d048 sp=0x00000080baff64e0
Event: 24.951 Thread 0x0000021869afc2c0 DEOPT UNPACKING pc=0x0000021854684422 sp=0x00000080baff64a8 mode 2
Event: 24.957 Thread 0x0000021869afc2c0 Uncommon trap: trap_request=0xffffff45 fr.pc=0x0000021854ea6a74 relative=0x00000000000055f4
Event: 24.957 Thread 0x0000021869afc2c0 Uncommon trap: reason=unstable_if action=reinterpret pc=0x0000021854ea6a74 method=org.objectweb.asm.Type.getTypeInternal(Ljava/lang/String;II)Lorg/objectweb/asm/Type; @ 5 c2
Event: 24.957 Thread 0x0000021869afc2c0 DEOPT PACKING pc=0x0000021854ea6a74 sp=0x00000080baff5a20
Event: 24.958 Thread 0x0000021869afc2c0 DEOPT UNPACKING pc=0x0000021854684422 sp=0x00000080baff5850 mode 2
Event: 25.207 Thread 0x0000021869afc2c0 DEOPT PACKING pc=0x000002184da56a8e sp=0x00000080baff5f70
Event: 25.207 Thread 0x0000021869afc2c0 DEOPT UNPACKING pc=0x0000021854684bc2 sp=0x00000080baff5530 mode 0
Event: 25.264 Thread 0x0000021869afc2c0 DEOPT PACKING pc=0x000002184da56a8e sp=0x00000080baff5210
Event: 25.264 Thread 0x0000021869afc2c0 DEOPT UNPACKING pc=0x0000021854684bc2 sp=0x00000080baff47d0 mode 0

Classes loaded (20 events):
Event: 24.573 Loading class sun/security/util/Length
Event: 24.573 Loading class sun/security/util/Length done
Event: 24.574 Loading class java/util/Base64
Event: 24.574 Loading class java/util/Base64 done
Event: 24.574 Loading class java/util/Base64$Decoder
Event: 24.575 Loading class java/util/Base64$Decoder done
Event: 24.575 Loading class java/util/Base64$Encoder
Event: 24.575 Loading class java/util/Base64$Encoder done
Event: 24.577 Loading class java/util/jar/JarVerifier$VerifierStream
Event: 24.577 Loading class java/util/jar/JarVerifier$VerifierStream done
Event: 24.577 Loading class sun/security/util/ManifestEntryVerifier$SunProviderHolder
Event: 24.577 Loading class sun/security/util/ManifestEntryVerifier$SunProviderHolder done
Event: 24.613 Loading class sun/security/util/MemoryCache$QueueCacheEntry
Event: 24.614 Loading class sun/security/util/MemoryCache$QueueCacheEntry done
Event: 24.917 Loading class sun/reflect/annotation/AnnotationInvocationHandler$1
Event: 24.918 Loading class sun/reflect/annotation/AnnotationInvocationHandler$1 done
Event: 24.947 Loading class java/lang/foreign/ValueLayout
Event: 24.948 Loading class java/lang/foreign/MemoryLayout
Event: 24.948 Loading class java/lang/foreign/MemoryLayout done
Event: 24.948 Loading class java/lang/foreign/ValueLayout done

Classes unloaded (0 events):
No events

Classes redefined (0 events):
No events

Internal exceptions (20 events):
Event: 13.849 Thread 0x0000021869afc2c0 Exception <a 'java/lang/NoSuchMethodError'{0x000000070663ea58}: static Lorg/gradle/api/internal/artifacts/dependencies/AbstractVersionConstraint;.<clinit>()V> (0x000000070663ea58) 
thrown [s\src\hotspot\share\prims\jni.cpp, line 1111]
Event: 13.858 Thread 0x0000021869afc2c0 Exception <a 'java/lang/NoSuchMethodError'{0x00000007066a1be8}: static Lorg/gradle/api/internal/catalog/PluginModel;.<clinit>()V> (0x00000007066a1be8) 
thrown [s\src\hotspot\share\prims\jni.cpp, line 1111]
Event: 13.860 Thread 0x0000021869afc2c0 Exception <a 'java/lang/NoSuchMethodError'{0x00000007066b9118}: static Lorg/gradle/api/internal/catalog/VersionModel;.<clinit>()V> (0x00000007066b9118) 
thrown [s\src\hotspot\share\prims\jni.cpp, line 1111]
Event: 14.793 Thread 0x0000021869afc2c0 Exception <a 'java/lang/IncompatibleClassChangeError'{0x000000070422bca0}: Found class java.lang.Object, but interface was expected> (0x000000070422bca0) 
thrown [s\src\hotspot\share\interpreter\linkResolver.cpp, line 840]
Event: 17.463 Thread 0x0000021869afc2c0 Implicit null exception at 0x0000021854eebebd to 0x0000021854eec3ef
Event: 17.646 Thread 0x0000021869afc2c0 Exception <a 'java/lang/NoSuchMethodError'{0x00000007050916d8}: 'void java.lang.invoke.Invokers$Holder.invoke_MT(java.lang.Object, java.lang.Object, java.lang.Object, java.lang.Object)'> (0x00000007050916d8) 
thrown [s\src\hotspot\share\interpreter\linkResolver.cpp, line 773]
Event: 17.658 Thread 0x0000021869afc2c0 Exception <a 'java/lang/NoSuchMethodError'{0x00000007051020a8}: 'java.lang.Object java.lang.invoke.DirectMethodHandle$Holder.invokeStaticInit(java.lang.Object, java.lang.Object, java.lang.Object, java.lang.Object, java.lang.Object, java.lang.Object, java.lang.Object)'> (0x00000007051020a8) 
thrown [s\src\hotspot\share\interpreter\linkResolver.cpp, line 773]
Event: 17.664 Thread 0x0000021869afc2c0 Exception <a 'java/lang/NoSuchMethodError'{0x000000070512aab8}: 'java.lang.Object java.lang.invoke.DirectMethodHandle$Holder.invokeSpecial(java.lang.Object, java.lang.Object, java.lang.Object, int, java.lang.Object, java.lang.Object)'> (0x000000070512aab8) 
thrown [s\src\hotspot\share\interpreter\linkResolver.cpp, line 773]
Event: 19.490 Thread 0x0000021869afc2c0 Exception <a 'java/lang/ClassNotFoundException'{0x00000007067e89e8}: org/gradle/api/internal/plugins/DefaultObjectConfigurationActionBeanInfo> (0x00000007067e89e8) 
thrown [s\src\hotspot\share\classfile\systemDictionary.cpp, line 313]
Event: 19.492 Thread 0x0000021869afc2c0 Exception <a 'java/lang/ClassNotFoundException'{0x0000000705800878}: org/gradle/api/internal/plugins/DefaultObjectConfigurationActionCustomizer> (0x0000000705800878) 
thrown [s\src\hotspot\share\classfile\systemDictionary.cpp, line 313]
Event: 20.117 Thread 0x0000021869afc2c0 Exception <a 'java/lang/NoSuchMethodError'{0x000000070522f5e8}: 'int java.lang.invoke.DirectMethodHandle$Holder.invokeSpecialIFC(java.lang.Object, java.lang.Object, java.lang.Object, java.lang.Object, java.lang.Object)'> (0x000000070522f5e8) 
thrown [s\src\hotspot\share\interpreter\linkResolver.cpp, line 773]
Event: 21.739 Thread 0x0000021869afc2c0 Exception <a 'java/lang/NoSuchMethodError'{0x00000007074031f0}: static Lorg/jetbrains/kotlin/gradle/plugin/internal/DefaultProjectIsolationStartParameterAccessor$Factory;.<clinit>()V> (0x00000007074031f0) 
thrown [s\src\hotspot\share\prims\jni.cpp, line 1111]
Event: 21.742 Thread 0x0000021869afc2c0 Exception <a 'java/lang/NoSuchMethodError'{0x0000000707428ab0}: static Lorg/jetbrains/kotlin/gradle/plugin/internal/DefaultJavaExecTaskParametersCompatibility$Factory;.<clinit>()V> (0x0000000707428ab0) 
thrown [s\src\hotspot\share\prims\jni.cpp, line 1111]
Event: 21.746 Thread 0x0000021869afc2c0 Exception <a 'java/lang/NoSuchMethodError'{0x000000070745dd00}: static Lorg/jetbrains/kotlin/gradle/plugin/internal/DefaultMavenPublicationComponentAccessorFactory;.<clinit>()V> (0x000000070745dd00) 
thrown [s\src\hotspot\share\prims\jni.cpp, line 1111]
Event: 21.748 Thread 0x0000021869afc2c0 Exception <a 'java/lang/NoSuchMethodError'{0x0000000707482230}: static Lorg/jetbrains/kotlin/gradle/plugin/diagnostics/DefaultProblemsReporter$Factory;.<clinit>()V> (0x0000000707482230) 
thrown [s\src\hotspot\share\prims\jni.cpp, line 1111]
Event: 21.752 Thread 0x0000021869afc2c0 Exception <a 'java/lang/NoSuchMethodError'{0x00000007074b34f0}: static Lorg/jetbrains/kotlin/gradle/plugin/internal/DefaultCompatibilityConventionRegistrar$Factory;.<clinit>()V> (0x00000007074b34f0) 
thrown [s\src\hotspot\share\prims\jni.cpp, line 1111]
Event: 21.754 Thread 0x0000021869afc2c0 Exception <a 'java/lang/NoSuchMethodError'{0x00000007074d7398}: static Lorg/jetbrains/kotlin/gradle/plugin/internal/DefaultConfigurationCacheStartParameterAccessorVariantFactory;.<clinit>()V> (0x00000007074d7398) 
thrown [s\src\hotspot\share\prims\jni.cpp, line 1111]
Event: 22.420 Thread 0x0000021869afc2c0 Exception <a 'java/lang/IncompatibleClassChangeError'{0x0000000706e684d0}: Found class java.lang.Object, but interface was expected> (0x0000000706e684d0) 
thrown [s\src\hotspot\share\interpreter\linkResolver.cpp, line 840]
Event: 23.715 Thread 0x0000021869afc2c0 Exception <a 'java/lang/NoSuchMethodError'{0x000000070650d680}: static Ljava/lang/Object;.<clinit>()V> (0x000000070650d680) 
thrown [s\src\hotspot\share\prims\jni.cpp, line 1111]
Event: 23.748 Thread 0x0000021869afc2c0 Exception <a 'java/lang/NoSuchMethodError'{0x000000070657b608}: static Lorg/jetbrains/kotlin/gradle/plugin/statistics/MetricContainer;.<clinit>()V> (0x000000070657b608) 
thrown [s\src\hotspot\share\prims\jni.cpp, line 1111]

ZGC Phase Switch (0 events):
No events

VM Operations (20 events):
Event: 21.738 Executing safepoint VM operation: G1CollectForAllocation (G1 Evacuation Pause) done
Event: 23.741 Executing safepoint VM operation: Cleanup
Event: 23.742 Executing safepoint VM operation: Cleanup done
Event: 24.149 Executing non-safepoint VM operation: HandshakeAllThreads (Deoptimize)
Event: 24.150 Executing non-safepoint VM operation: HandshakeAllThreads (Deoptimize) done
Event: 24.170 Executing safepoint VM operation: G1CollectForAllocation (G1 Evacuation Pause)
Event: 24.176 Executing safepoint VM operation: G1CollectForAllocation (G1 Evacuation Pause) done
Event: 24.234 Executing safepoint VM operation: G1PauseRemark
Event: 24.239 Executing safepoint VM operation: G1PauseRemark done
Event: 24.258 Executing safepoint VM operation: G1PauseCleanup
Event: 24.258 Executing safepoint VM operation: G1PauseCleanup done
Event: 24.438 Executing non-safepoint VM operation: HandshakeAllThreads (Deoptimize)
Event: 24.438 Executing non-safepoint VM operation: HandshakeAllThreads (Deoptimize) done
Event: 24.515 Executing non-safepoint VM operation: HandshakeAllThreads (Deoptimize)
Event: 24.515 Executing non-safepoint VM operation: HandshakeAllThreads (Deoptimize) done
Event: 24.517 Executing non-safepoint VM operation: HandshakeAllThreads (Deoptimize)
Event: 24.517 Executing non-safepoint VM operation: HandshakeAllThreads (Deoptimize) done
Event: 24.701 Executing safepoint VM operation: G1CollectForAllocation (G1 Evacuation Pause)
Event: 24.709 Executing safepoint VM operation: G1CollectForAllocation (G1 Evacuation Pause) done
Event: 25.331 Executing safepoint VM operation: G1CollectForAllocation (G1 Evacuation Pause)

Memory protections (0 events):
No events

Nmethod flushes (20 events):
Event: 24.238 Thread 0x0000021863e2d1d0 flushing  nmethod 0x000002184d4ab110
Event: 24.238 Thread 0x0000021863e2d1d0 flushing  nmethod 0x000002184d551c10
Event: 24.238 Thread 0x0000021863e2d1d0 flushing  nmethod 0x000002184d7b2d10
Event: 24.238 Thread 0x0000021863e2d1d0 flushing  nmethod 0x000002184db3a010
Event: 24.238 Thread 0x0000021863e2d1d0 flushing  nmethod 0x000002184d114c90
Event: 24.238 Thread 0x0000021863e2d1d0 flushing  nmethod 0x000002184d1cf610
Event: 24.238 Thread 0x0000021863e2d1d0 flushing  nmethod 0x000002184d212f10
Event: 24.238 Thread 0x0000021863e2d1d0 flushing  nmethod 0x000002184d409090
Event: 24.238 Thread 0x0000021863e2d1d0 flushing  nmethod 0x000002184d409f10
Event: 24.238 Thread 0x0000021863e2d1d0 flushing  nmethod 0x000002184d7d0a10
Event: 24.238 Thread 0x0000021863e2d1d0 flushing  nmethod 0x000002184d8ba510
Event: 24.238 Thread 0x0000021863e2d1d0 flushing  nmethod 0x000002184ddacd90
Event: 24.238 Thread 0x0000021863e2d1d0 flushing  nmethod 0x000002184d192890
Event: 24.238 Thread 0x0000021863e2d1d0 flushing  nmethod 0x000002184d229110
Event: 24.238 Thread 0x0000021863e2d1d0 flushing  nmethod 0x000002184d4cd790
Event: 24.238 Thread 0x0000021863e2d1d0 flushing  nmethod 0x000002184d6ffd90
Event: 24.238 Thread 0x0000021863e2d1d0 flushing  nmethod 0x000002184d854290
Event: 24.238 Thread 0x0000021863e2d1d0 flushing  nmethod 0x000002184da80410
Event: 24.238 Thread 0x0000021863e2d1d0 flushing  nmethod 0x000002184dac4f10
Event: 24.238 Thread 0x0000021863e2d1d0 flushing  nmethod 0x000002184db23810

Events (20 events):
Event: 7.463 Thread 0x0000021869afc2c0 Thread added: 0x000002186a04cb70
Event: 8.006 Thread 0x0000021869afc2c0 Thread added: 0x000002186a04f960
Event: 8.015 Thread 0x0000021869afc2c0 Thread added: 0x000002186a04df20
Event: 8.801 Thread 0x0000021869afc2c0 Thread added: 0x000002186a0513a0
Event: 8.874 Thread 0x0000021869afc2c0 Thread added: 0x000002186a04fff0
Event: 10.924 Thread 0x0000021869afc2c0 Thread added: 0x000002186a04e5b0
Event: 11.007 Thread 0x0000021869afc2c0 Thread added: 0x000002186a04ec40
Event: 11.069 Thread 0x0000021869afc2c0 Thread added: 0x000002186c97dda0
Event: 12.033 Thread 0x0000021869afc2c0 Thread added: 0x000002186c97f7e0
Event: 14.817 Thread 0x0000021869afc2c0 Thread added: 0x000002186c97e430
Event: 14.817 Thread 0x0000021869afc2c0 Thread added: 0x000002186c97eac0
Event: 14.817 Thread 0x0000021869afc2c0 Thread added: 0x000002186c980b90
Event: 14.909 Thread 0x0000021869afc2c0 Thread added: 0x000002186c97f150
Event: 14.912 Thread 0x0000021869afc2c0 Thread added: 0x000002186c97fe70
Event: 14.914 Thread 0x0000021869afc2c0 Thread added: 0x000002186c980500
Event: 15.404 Thread 0x0000021869afc2c0 Thread added: 0x000002186c97d710
Event: 15.405 Thread 0x0000021869afc2c0 Thread added: 0x000002186900a6f0
Event: 15.406 Thread 0x0000021869afc2c0 Thread added: 0x00000218690099d0
Event: 21.229 Thread 0x0000021869afc2c0 Thread added: 0x0000021869008cb0
Event: 23.835 Thread 0x0000021869afc2c0 Thread added: 0x0000021869009340


Dynamic libraries:
0x00007ff7a9db0000 - 0x00007ff7a9dbe000 	C:\Program Files\Eclipse Adoptium\jdk-21.0.11.10-hotspot\bin\java.exe
0x00007fff60460000 - 0x00007fff606c6000 	C:\WINDOWS\SYSTEM32\ntdll.dll
0x00007fff5eeb0000 - 0x00007fff5ef79000 	C:\WINDOWS\System32\KERNEL32.DLL
0x00007fff5d680000 - 0x00007fff5da7e000 	C:\WINDOWS\System32\KERNELBASE.dll
0x00007fff5de20000 - 0x00007fff5df6c000 	C:\WINDOWS\System32\ucrtbase.dll
0x00007fff41b00000 - 0x00007fff41b1e000 	C:\Program Files\Eclipse Adoptium\jdk-21.0.11.10-hotspot\bin\VCRUNTIME140.dll
0x00007fff375a0000 - 0x00007fff375b8000 	C:\Program Files\Eclipse Adoptium\jdk-21.0.11.10-hotspot\bin\jli.dll
0x00007fff5e880000 - 0x00007fff5ea47000 	C:\WINDOWS\System32\USER32.dll
0x00007fff49b00000 - 0x00007fff49d92000 	C:\WINDOWS\WinSxS\amd64_microsoft.windows.common-controls_6595b64144ccf1df_6.0.26100.8894_none_3e0f749ee32e02ea\COMCTL32.dll
0x00007fff5dd40000 - 0x00007fff5dd67000 	C:\WINDOWS\System32\win32u.dll
0x00007fff5f080000 - 0x00007fff5f129000 	C:\WINDOWS\System32\msvcrt.dll
0x00007fff5ebc0000 - 0x00007fff5ebeb000 	C:\WINDOWS\System32\GDI32.dll
0x00007fff5da90000 - 0x00007fff5dbba000 	C:\WINDOWS\System32\gdi32full.dll
0x00007fff5dd70000 - 0x00007fff5de13000 	C:\WINDOWS\System32\msvcp_win.dll
0x00007fff5fc90000 - 0x00007fff5fcc2000 	C:\WINDOWS\System32\IMM32.DLL
0x00007fff4edf0000 - 0x00007fff4edfc000 	C:\Program Files\Eclipse Adoptium\jdk-21.0.11.10-hotspot\bin\vcruntime140_1.dll
0x00007fff17610000 - 0x00007fff1769d000 	C:\Program Files\Eclipse Adoptium\jdk-21.0.11.10-hotspot\bin\msvcp140.dll
0x00007fff05bb0000 - 0x00007fff06952000 	C:\Program Files\Eclipse Adoptium\jdk-21.0.11.10-hotspot\bin\server\jvm.dll
0x00007fff5f150000 - 0x00007fff5f207000 	C:\WINDOWS\System32\ADVAPI32.dll
0x00007fff60310000 - 0x00007fff603ba000 	C:\WINDOWS\System32\sechost.dll
0x00007fff60160000 - 0x00007fff60278000 	C:\WINDOWS\System32\RPCRT4.dll
0x00007fff5f460000 - 0x00007fff5f4e0000 	C:\WINDOWS\System32\WS2_32.dll
0x00007fff5d4e0000 - 0x00007fff5d53e000 	C:\WINDOWS\SYSTEM32\POWRPROF.dll
0x00007fff4ad60000 - 0x00007fff4ad6b000 	C:\WINDOWS\SYSTEM32\VERSION.dll
0x00007fff54640000 - 0x00007fff54676000 	C:\WINDOWS\SYSTEM32\WINMM.dll
0x00007fff5d4c0000 - 0x00007fff5d4d4000 	C:\WINDOWS\SYSTEM32\UMPDC.dll
0x00007fff5c360000 - 0x00007fff5c37b000 	C:\WINDOWS\SYSTEM32\kernel.appcore.dll
0x00007fff4d130000 - 0x00007fff4d13a000 	C:\Program Files\Eclipse Adoptium\jdk-21.0.11.10-hotspot\bin\jimage.dll
0x00007fff53a80000 - 0x00007fff53cc2000 	C:\WINDOWS\SYSTEM32\DBGHELP.DLL
0x00007fff5fcd0000 - 0x00007fff60053000 	C:\WINDOWS\System32\combase.dll
0x00007fff5edd0000 - 0x00007fff5eea9000 	C:\WINDOWS\System32\OLEAUT32.dll
0x00007fff41890000 - 0x00007fff418cb000 	C:\WINDOWS\SYSTEM32\dbgcore.DLL
0x00007fff5dbc0000 - 0x00007fff5dc6c000 	C:\WINDOWS\System32\bcryptPrimitives.dll
0x00007fff3ed30000 - 0x00007fff3ed3f000 	C:\Program Files\Eclipse Adoptium\jdk-21.0.11.10-hotspot\bin\instrument.dll
0x00007fff36f50000 - 0x00007fff36f70000 	C:\Program Files\Eclipse Adoptium\jdk-21.0.11.10-hotspot\bin\java.dll
0x00007fff5f4f0000 - 0x00007fff5fc82000 	C:\WINDOWS\System32\SHELL32.dll
0x00007fff5b120000 - 0x00007fff5b9b2000 	C:\WINDOWS\SYSTEM32\windows.storage.dll
0x00007fff5e6a0000 - 0x00007fff5e797000 	C:\WINDOWS\System32\SHCORE.dll
0x00007fff5ef80000 - 0x00007fff5efe7000 	C:\WINDOWS\System32\shlwapi.dll
0x00007fff5d5a0000 - 0x00007fff5d5c9000 	C:\WINDOWS\SYSTEM32\profapi.dll
0x00007fff0d4c0000 - 0x00007fff0d597000 	C:\Program Files\Eclipse Adoptium\jdk-21.0.11.10-hotspot\bin\jsvml.dll
0x00007fff31670000 - 0x00007fff31688000 	C:\Program Files\Eclipse Adoptium\jdk-21.0.11.10-hotspot\bin\zip.dll
0x00007fff43260000 - 0x00007fff43270000 	C:\Program Files\Eclipse Adoptium\jdk-21.0.11.10-hotspot\bin\net.dll
0x00007fff513a0000 - 0x00007fff514c7000 	C:\WINDOWS\SYSTEM32\WINHTTP.dll
0x00007fff5c910000 - 0x00007fff5c97c000 	C:\WINDOWS\system32\mswsock.dll
0x00007fff33aa0000 - 0x00007fff33ab6000 	C:\Program Files\Eclipse Adoptium\jdk-21.0.11.10-hotspot\bin\nio.dll
0x00007fff40e60000 - 0x00007fff40e70000 	C:\Program Files\Eclipse Adoptium\jdk-21.0.11.10-hotspot\bin\verify.dll
0x00007fff332e0000 - 0x00007fff33307000 	C:\Users\User\.gradle\native\660c5614fbf4a5f2a75b1949f50a0caf5cd603558e7d8a26e50b933a0cfb79d1\windows-amd64\native-platform.dll
0x00007fff17fe0000 - 0x00007fff18057000 	C:\Users\User\.gradle\native\0.2.8\x86_64-windows-gnu\gradle-fileevents.dll
0x00007fff42ad0000 - 0x00007fff42ada000 	C:\Program Files\Eclipse Adoptium\jdk-21.0.11.10-hotspot\bin\management.dll
0x00007fff41ab0000 - 0x00007fff41abc000 	C:\Program Files\Eclipse Adoptium\jdk-21.0.11.10-hotspot\bin\management_ext.dll
0x00007fff5e7a0000 - 0x00007fff5e7a8000 	C:\WINDOWS\System32\PSAPI.DLL
0x00007fff5bd10000 - 0x00007fff5bd43000 	C:\WINDOWS\SYSTEM32\IPHLPAPI.DLL
0x00007fff5f3d0000 - 0x00007fff5f3da000 	C:\WINDOWS\System32\NSI.dll
0x00007fff41480000 - 0x00007fff41489000 	C:\Program Files\Eclipse Adoptium\jdk-21.0.11.10-hotspot\bin\extnet.dll
0x00007fff5cc10000 - 0x00007fff5cc2b000 	C:\WINDOWS\SYSTEM32\CRYPTSP.dll
0x00007fff5c2c0000 - 0x00007fff5c2f9000 	C:\WINDOWS\system32\rsaenh.dll
0x00007fff5c9d0000 - 0x00007fff5ca02000 	C:\WINDOWS\SYSTEM32\USERENV.dll
0x00007fff5d570000 - 0x00007fff5d59a000 	C:\WINDOWS\SYSTEM32\bcrypt.dll
0x00007fff5cc30000 - 0x00007fff5cc3c000 	C:\WINDOWS\SYSTEM32\CRYPTBASE.dll
0x00007fff3e920000 - 0x00007fff3e92e000 	C:\Program Files\Eclipse Adoptium\jdk-21.0.11.10-hotspot\bin\sunmscapi.dll
0x00007fff5df80000 - 0x00007fff5e0f8000 	C:\WINDOWS\System32\CRYPT32.dll
0x00007fff5ce50000 - 0x00007fff5ce80000 	C:\WINDOWS\SYSTEM32\ncrypt.dll
0x00007fff5ce00000 - 0x00007fff5ce3f000 	C:\WINDOWS\SYSTEM32\NTASN1.dll
0x00007fff37aa0000 - 0x00007fff37aa8000 	C:\WINDOWS\system32\wshunix.dll

JVMTI agents:
C:\Users\User\.gradle\wrapper\dists\gradle-9.3.1-bin\23ovyewtku6u96viwx3xl3oks\gradle-9.3.1\lib\agents\gradle-instrumentation-agent-9.3.1.jar path:C:\Program Files\Eclipse Adoptium\jdk-21.0.11.10-hotspot\bin\instrument.dll, loaded, initialized, instrumentlib options:none

dbghelp: loaded successfully - version: 4.0.5 - missing functions: none
symbol engine: initialized successfully - sym options: 0x614 - pdb path: .;C:\Program Files\Eclipse Adoptium\jdk-21.0.11.10-hotspot\bin;C:\WINDOWS\SYSTEM32;C:\WINDOWS\WinSxS\amd64_microsoft.windows.common-controls_6595b64144ccf1df_6.0.26100.8894_none_3e0f749ee32e02ea;C:\Program Files\Eclipse Adoptium\jdk-21.0.11.10-hotspot\bin\server;C:\Users\User\.gradle\native\660c5614fbf4a5f2a75b1949f50a0caf5cd603558e7d8a26e50b933a0cfb79d1\windows-amd64;C:\Users\User\.gradle\native\0.2.8\x86_64-windows-gnu

VM Arguments:
jvm_args: --add-opens=java.base/java.lang=ALL-UNNAMED --add-opens=java.base/java.lang.invoke=ALL-UNNAMED --add-opens=java.base/java.util=ALL-UNNAMED --add-opens=java.prefs/java.util.prefs=ALL-UNNAMED --add-exports=jdk.compiler/com.sun.tools.javac.api=ALL-UNNAMED --add-exports=jdk.compiler/com.sun.tools.javac.util=ALL-UNNAMED --add-opens=java.base/java.util=ALL-UNNAMED --add-opens=java.prefs/java.util.prefs=ALL-UNNAMED --add-opens=java.base/java.nio.charset=ALL-UNNAMED --add-opens=java.base/java.net=ALL-UNNAMED --add-opens=java.base/java.util.concurrent=ALL-UNNAMED --add-opens=java.base/java.util.concurrent.atomic=ALL-UNNAMED --add-opens=java.xml/javax.xml.namespace=ALL-UNNAMED --add-opens=java.base/java.time=ALL-UNNAMED -Xmx4g -Dfile.encoding=UTF-8 -Duser.country=US -Duser.language=en -Duser.variant -javaagent:C:\Users\User\.gradle\wrapper\dists\gradle-9.3.1-bin\23ovyewtku6u96viwx3xl3oks\gradle-9.3.1\lib\agents\gradle-instrumentation-agent-9.3.1.jar 
java_command: org.gradle.launcher.daemon.bootstrap.GradleDaemon 9.3.1
java_class_path (initial): C:\Users\User\.gradle\wrapper\dists\gradle-9.3.1-bin\23ovyewtku6u96viwx3xl3oks\gradle-9.3.1\lib\gradle-daemon-main-9.3.1.jar
Launcher Type: SUN_STANDARD

[Global flags]
     intx CICompilerCount                          = 4                                         {product} {ergonomic}
     uint ConcGCThreads                            = 2                                         {product} {ergonomic}
     uint G1ConcRefinementThreads                  = 8                                         {product} {ergonomic}
   size_t G1HeapRegionSize                         = 2097152                                   {product} {ergonomic}
    uintx GCDrainStackTargetSize                   = 64                                        {product} {ergonomic}
   size_t InitialHeapSize                          = 123731968                                 {product} {ergonomic}
   size_t MarkStackSize                            = 4194304                                   {product} {ergonomic}
   size_t MaxHeapSize                              = 4294967296                                {product} {command line}
   size_t MaxNewSize                               = 2575302656                                {product} {ergonomic}
   size_t MinHeapDeltaBytes                        = 2097152                                   {product} {ergonomic}
   size_t MinHeapSize                              = 8388608                                   {product} {ergonomic}
    uintx NonNMethodCodeHeapSize                   = 5839372                                {pd product} {ergonomic}
    uintx NonProfiledCodeHeapSize                  = 122909434                              {pd product} {ergonomic}
    uintx ProfiledCodeHeapSize                     = 122909434                              {pd product} {ergonomic}
    uintx ReservedCodeCacheSize                    = 251658240                              {pd product} {ergonomic}
     bool SegmentedCodeCache                       = true                                      {product} {ergonomic}
   size_t SoftMaxHeapSize                          = 4294967296                             {manageable} {ergonomic}
     bool UseCompressedOops                        = true                           {product lp64_product} {ergonomic}
     bool UseG1GC                                  = true                                      {product} {ergonomic}
     bool UseLargePagesIndividualAllocation        = false                                  {pd product} {ergonomic}

Logging:
Log output configuration:
 #0: stdout all=warning uptime,level,tags foldmultilines=false
 #1: stderr all=off uptime,level,tags foldmultilines=false

Release file:
IMPLEMENTOR="Eclipse Adoptium" 
IMPLEMENTOR_VERSION="Temurin-21.0.11+10" 
JAVA_RUNTIME_VERSION="21.0.11+10-LTS" 
JAVA_VERSION="21.0.11" 
JAVA_VERSION_DATE="2026-04-21" 
LIBC="default" 
MODULES="java.base java.compiler java.datatransfer java.xml java.prefs java.desktop java.instrument java.logging java.management java.security.sasl java.naming java.rmi java.management.rmi java.net.http java.scripting java.security.jgss java.transaction.xa java.sql java.sql.rowset java.xml.crypto java.se java.smartcardio jdk.accessibility jdk.internal.jvmstat jdk.attach jdk.charsets jdk.internal.opt jdk.zipfs jdk.compiler jdk.crypto.ec jdk.crypto.cryptoki jdk.crypto.mscapi jdk.dynalink jdk.internal.ed jdk.editpad jdk.hotspot.agent jdk.httpserver jdk.incubator.vector jdk.internal.le jdk.internal.vm.ci jdk.internal.vm.compiler jdk.internal.vm.compiler.management jdk.jartool jdk.javadoc jdk.jcmd jdk.management jdk.management.agent jdk.jconsole jdk.jdeps jdk.jdwp.agent jdk.jdi jdk.jfr jdk.jlink jdk.jpackage jdk.jshell jdk.jsobject jdk.jstatd jdk.localedata jdk.management.jfr jdk.naming.dns jdk.naming.rmi jdk.net jdk.nio.mapmode jdk.random jdk.sctp jdk.security.auth jdk.security.jgss jdk.unsupported jdk.unsupported.desktop jdk.xml.dom" 
OS_ARCH="x86_64" 
OS_NAME="Windows" 
SOURCE=".:git:254494ad7d75" 
BUILD_SOURCE="git:a612825ee82a20ac872d60958c349854c1f29a8e"
BUILD_SOURCE_REPO="https://github.com/adoptium/temurin-build.git"
SOURCE_REPO="https://github.com/adoptium/jdk21u.git"
FULL_VERSION="21.0.11+10-LTS"
SEMANTIC_VERSION="21.0.11+10"
BUILD_INFO="OS: Windows Server 2022 Version: 10.0"
JVM_VARIANT="Hotspot"
JVM_VERSION="21.0.11+10-LTS"
IMAGE_TYPE="JDK"

Environment Variables:
JAVA_HOME=C:\Program Files\Eclipse Adoptium\jdk-21.0.11.10-hotspot
PATH=C:\Users\User\bin;C:\Program Files\Git\mingw64\bin;C:\Program Files\Git\usr\local\bin;C:\Program Files\Git\usr\bin;C:\Program Files\Git\usr\bin;C:\Program Files\Git\mingw64\bin;C:\Program Files\Git\usr\bin;C:\Users\User\bin;C:\Program Files\Eclipse Adoptium\jdk-21.0.11.10-hotspot\bin;C:\Program Files\Microsoft\jdk-17.0.15.6-hotspot\bin;C:\Program Files (x86)\Common Files\Oracle\Java\javapath;C:\Program Files\Common Files\Oracle\Java\javapath;C:\WINDOWS\system32;C:\WINDOWS;C:\WINDOWS\System32\Wbem;C:\WINDOWS\System32\WindowsPowerShell\v1.0;C:\WINDOWS\System32\OpenSSH;C:\MinGW\bin;C:\Program Files\Git\cmd;C:\Program Files\MySQL\MySQL Server 8.0\bin;C:\Program Files (x86)\Microsoft SQL Server\100\Tools\Binn\VSShell\Common7\IDE;C:\Program Files (x86)\Microsoft SQL Server\100\Tools\Binn;C:\Program Files\Microsoft SQL Server\100\Tools\Binn;C:\Program Files (x86)\Microsoft SQL Server\100\DTS\Binn;C:\Program Files\Microsoft SQL Server\100\DTS\Binn;C:\laragon\bin\php\php-8.4.6-Win32-vs17-x64;C:\ProgramData\ComposerSetup\bin;C:\Users\User\AppData\Local\Programs\cursor\resources\app\bin;C:\ProgramData\chocolatey\bin;C:\Program Files\nodejs;C:\Users\User\AppData\Local\Android\Sdk\platform-tools;C:\Program Files\Cloudflare\Cloudflare WARP;C:\Program Files\Go\bin;C:\Users\User\AppData\Local\Programs\Python\Python312\Scripts;C:\Users\User\AppData\Local\Programs\Python\Python312;C:\laragon\bin;C:\laragon\bin\apache\httpd-2.4.63-250207-win64-VS17\bin;C:\laragon\bin\composer;C:\laragon\bin\git\bin;C:\laragon\bin\git\cmd;C:\laragon\bin\git\mingw64\bin;C:\laragon\bin\git\usr\bin;C:\laragon\bin\laragon\utils;C:\laragon\bin\mysql\mysql-8.0.30-winx64\bin;C:\laragon\bin\nginx\nginx-1.22.0;C:\laragon\bin\ngrok;C:\laragon\bin\nodejs\node-v22.14.0-win-x64;C:\laragon\bin\notepad++;C:\laragon\bin\php\php-8.3.21-Win32-vs16-x64;C:\laragon\bin\python\python-3.10;C:\laragon\bin\python\python-3.10\Scripts;C:\laragon\bin\redis\redis-x64-5.0.14.1;C:\laragon\bin\telnet;C:\laragon\usr\bin;C:\Users\User\AppData\Local\Yarn\config\global\node_modules\.bin;C:\Users\User\AppData\Roaming\Composer\vendor\bin;C:\Users\User\.local\bin;C:\Program Files\MySQL\MySQL Shell 8.0\bin;C:\Users\User\AppData\Local\Microsoft\WindowsApps;C:\Users\User\AppData\Local\ComposerSetup\bin;C:\Users\User\AppData\Local\Programs\cursor\resources\app\bin;C:\Users\User\AppData\Roaming\npm;C:\Users\User\go\bin;C:\Users\User\AppData\Local\Programs\Zed\bin;C:\Users\User\AppData\Local\Programs\Microsoft VS Code\bin;C:\Users\User\AppData\Local\Google\Cloud SDK\google-cloud-sdk\bin;C:\Users\User\AppData\Local\Microsoft\WinGet\Packages\astral-sh.uv_Microsoft.Winget.Source_8wekyb3d8bbwe;C:\Users\User\AppData\Local\Programs\Antigravity\bin;C:\Users\User\AppData\Local\Programs\Python\Python312;C:\Program Files\nodejs;C:\Program Files\Python313;C:\Program Files\Git\mingw64\bin;C:\Program Files\Git\usr\bin\vendor_perl;C:\Program Files\Git\usr\bin\core_perl
USERNAME=User
SHELL=C:\Program Files\Git\usr\bin\bash.exe
DISPLAY=needs-to-be-defined
LANG=en_US.UTF-8
TERM=xterm-256color
TMPDIR=C:\Users\User\AppData\Local\Temp
OS=Windows_NT
PROCESSOR_IDENTIFIER=AMD64 Family 23 Model 160 Stepping 0, AuthenticAMD
TMP=C:\Users\User\AppData\Local\Temp
TEMP=C:\Users\User\AppData\Local\Temp




Periodic native trim disabled

---------------  S Y S T E M  ---------------

OS:
 Windows 11 , 64 bit Build 26100 (10.0.26100.8875)
OS uptime: 0 days 16:28 hours
Hyper-V role detected

CPU: total 8 (initial active 8) (8 cores per cpu, 2 threads per core) family 23 model 160 stepping 0 microcode 0x8a00006, cx8, cmov, fxsr, ht, mmx, 3dnowpref, sse, sse2, sse3, ssse3, sse4a, sse4.1, sse4.2, popcnt, lzcnt, tsc, tscinvbit, avx, avx2, aes, clmul, bmi1, bmi2, adx, sha, fma, vzeroupper, clflush, clflushopt, hv, rdtscp, rdpid, f16c
Processor Information for the first 8 processors :
  Max Mhz: 2401, Current Mhz: 2401, Mhz Limit: 2401

Memory: 4k page, system-wide physical 7455M (233M free)
TotalPageFile size 16671M (AvailPageFile size 5M)
current process WorkingSet (physical memory assigned to process): 341M, peak: 348M
current process commit charge ("private bytes"): 381M, peak: 414M

vm_info: OpenJDK 64-Bit Server VM (21.0.11+10-LTS) for windows-amd64 JRE (21.0.11+10-LTS), built on 2026-04-21T00:00:00Z by "admin" with MS VC++ 17.12 (VS2022)

END.
